(base) light@light-lab:~/webrtc/checkout/src/out/learning_x64$ ./learning 
(main.cc:403): WebRTC started
(main.cc:461): CreatePeerConnection init success!
(main.cc:467): Daemon waiting for cilent...
(unix_socket_server.cc:46): Unix socket listening on /tmp/webrtc_runtime/dc_call.sock, waiting for client...
(unix_socket_server.cc:56): Unix socket client connected on fd=7
(main.cc:289): DataChannel init success!
(openssl_key_pair.cc:36): Making key pair
(openssl_key_pair.cc:89): Returning key pair
(boringssl_certificate.cc:186): Making certificate for WebRTC
(boringssl_certificate.cc:242): Returning certificate
(main.cc:194): Local SDP created (type= offer )
(p2p_transport_channel.cc:560): Set backup connection ping interval to 25 s milliseconds.
(p2p_transport_channel.cc:569): Set ICE receiving timeout to 2500 ms milliseconds
(p2p_transport_channel.cc:576): Set ping most likely connection to 0
(p2p_transport_channel.cc:583): Set stable_writable_connection_ping_interval to 2500 ms
(p2p_transport_channel.cc:596): Set presume writable when fully relayed to 0
(p2p_transport_channel.cc:614): Set regather_on_failed_networks_interval to 300 s
(p2p_transport_channel.cc:624): Set receiving_switching_delay to 1 s
(jsep_transport_controller.cc:641): Creating DtlsSrtpTransport.
(dtls_srtp_transport.cc:53): Setting RTP Transport on 0 transport aefbce90
(srtp_transport.cc:241): The params in SRTP transport are reset.
(p2p_transport_channel.cc:494): Set ICE ufrag: upp2 pwd: OTtoGswWuJ35U0guZ1YfwecN on transport 0
(peer_connection.cc:2307): Creating data channel, mid=0
(sdp_offer_answer.cc:3339): Session: 8793987661479320175 Old state: stable New state: have-local-offer
(main.cc:126): SignalingState: have-local-offer
(sdp_offer_answer.cc:1973): Blocking ApplyLocalDescription: total=2 (actual=0, could=2, duration=694us)
(main.cc:180): SetLocalDesc OK
(basic_port_allocator.cc:372): Start getting ports with turn_port_prune_policy 0
(sdp_offer_answer.cc:2693): Blocking DoSetLocalDescription: total=3 (actual=0, could=3, duration=1028us)
(sdp_offer_answer.cc:1876): Blocking SetLocalDescription: total=3 (actual=0, could=3, duration=1064us)
(main.cc:137): IceGatheringState: gathering
(basic_port_allocator.cc:697): Count of networks: 3
(basic_port_allocator.cc:699): Net[enp4s0:192.168.137.x/24:Unknown:id=1]
(basic_port_allocator.cc:699): Net[lo:0:0:0:x:x:x:x:x/128:Loopback:id=3]
(basic_port_allocator.cc:699): Net[lo:127.0.0.x/8:Loopback:id=2]
(basic_port_allocator.cc:125): Filtered out ignored networks:
(basic_port_allocator.cc:127): Net[lo:0:0:0:x:x:x:x:x/128:Loopback:id=3]
(basic_port_allocator.cc:127): Net[lo:127.0.0.x/8:Loopback:id=2]
(basic_port_allocator.cc:893): Network manager has started
(basic_port_allocator.cc:697): Count of networks: 3
(basic_port_allocator.cc:699): Net[enp4s0:192.168.137.x/24:Unknown:id=1]
(basic_port_allocator.cc:699): Net[lo:0:0:0:x:x:x:x:x/128:Loopback:id=3]
(basic_port_allocator.cc:699): Net[lo:127.0.0.x/8:Loopback:id=2]
(basic_port_allocator.cc:125): Filtered out ignored networks:
(basic_port_allocator.cc:127): Net[lo:0:0:0:x:x:x:x:x/128:Loopback:id=3]
(basic_port_allocator.cc:127): Net[lo:127.0.0.x/8:Loopback:id=2]
(basic_port_allocator.cc:805): Allocate ports on enp4s0 
(basic_port_allocator.cc:1404): Net[enp4s0:192.168.137.x/24:Unknown:id=1]: Allocation Phase=Udp
(port.cc:134): Port[aefbf500:0:1:0:host:Net[enp4s0:192.168.137.x/24:Unknown:id=1]]: Port created with network cost 50
(basic_port_allocator.cc:1491): AllocationSequence: UDPPort will be handling the STUN candidate generation.
(basic_port_allocator.cc:915): Adding allocated port for 0
(basic_port_allocator.cc:937): Port[aefbf500:0:1:0:host:Net[enp4s0:192.168.137.x/24:Unknown:id=1]]: Added port to allocator
(basic_port_allocator.cc:954): Port[aefbf500:0:1:0:host:Net[enp4s0:192.168.137.x/24:Unknown:id=1]]: Gathered candidate: Cand[:915530084:1:udp:2122260223:192.168.137.x:55965:host::0:upp2:OTtoGswWuJ35U0guZ1YfwecN:1:50:0]
(basic_port_allocator.cc:987): Port[aefbf500:0:1:0:host:Net[enp4s0:192.168.137.x/24:Unknown:id=1]]: Port ready.
(stun_port.cc:459): Port[aefbf500:0:1:0:host:Net[enp4s0:192.168.137.x/24:Unknown:id=1]]: Starting STUN host lookup for stun.l.google.com:19302
(main.cc:145): ICE candidate #1: Cand[:915530084:1:udp:2122260223:192.168.137.46:55965:host::0:upp2:OTtoGswWuJ35U0guZ1YfwecN:1:50:0]
(main.cc:152): Local ICE candidate [0|]: 
(basic_port_allocator.cc:954): Port[aefbf500:0:1:0:host:Net[enp4s0:192.168.137.x/24:Unknown:id=1]]: Gathered candidate: Cand[:4150244910:1:udp:1686052607:112.93.247.x:9590:srflx:192.168.137.x:55965:upp2:OTtoGswWuJ35U0guZ1YfwecN:1:50:0]
(main.cc:145): ICE candidate #2: Cand[:4150244910:1:udp:1686052607:112.93.247.116:9590:srflx:192.168.137.46:55965:upp2:OTtoGswWuJ35U0guZ1YfwecN:1:50:0]
(main.cc:152): Local ICE candidate [0|]: 
(basic_port_allocator.cc:1404): Net[enp4s0:192.168.137.x/24:Unknown:id=1]: Allocation Phase=Relay
(port.cc:134): Port[aefd23e0:0:1:0:relay:Net[enp4s0:192.168.137.x/24:Unknown:id=1]]: Port created with network cost 50
(basic_port_allocator.cc:915): Adding allocated port for 0
(basic_port_allocator.cc:937): Port[aefd23e0:0:1:0:relay:Net[enp4s0:192.168.137.x/24:Unknown:id=1]]: Added port to allocator
(turn_port.cc:418): Port[aefd23e0:0:1:0:relay:Net[enp4s0:192.168.137.x/24:Unknown:id=1]]: Trying to connect to TURN server via udp @ 120.79.210.x:3478
(turn_port.cc:1390): Port[aefd23e0:0:1:0:relay:Net[enp4s0:192.168.137.x/24:Unknown:id=1]]: TURN allocate request sent, id=436976584152396a5366395a
(turn_port.cc:1442): Port[aefd23e0:0:1:0:relay:Net[enp4s0:192.168.137.x/24:Unknown:id=1]]: Received TURN allocate error response, id=436976584152396a5366395a, code=401, rtt=19262 us
(turn_port.cc:1390): Port[aefd23e0:0:1:0:relay:Net[enp4s0:192.168.137.x/24:Unknown:id=1]]: TURN allocate request sent, id=6d7267775273666137654831
(turn_port.cc:1396): Port[aefd23e0:0:1:0:relay:Net[enp4s0:192.168.137.x/24:Unknown:id=1]]: TURN allocate requested successfully, id=6d7267775273666137654831, code=0, rtt=18565 us
(basic_port_allocator.cc:954): Port[aefd23e0:0:1:0:relay:Net[enp4s0:192.168.137.x/24:Unknown:id=1]]: Gathered candidate: Cand[:721682156:1:udp:58662911:120.79.210.x:60629:relay:112.93.247.x:9590:upp2:OTtoGswWuJ35U0guZ1YfwecN:1:50:0]
(basic_port_allocator.cc:987): Port[aefd23e0:0:1:0:relay:Net[enp4s0:192.168.137.x/24:Unknown:id=1]]: Port ready.
(basic_port_allocator.cc:1099): Port[aefd23e0:0:1:0:relay:Net[enp4s0:192.168.137.x/24:Unknown:id=1]]: Port completed gathering candidates.
(turn_port.cc:1184): Port[aefd23e0:0:1:0:relay:Net[enp4s0:192.168.137.x/24:Unknown:id=1]]: Scheduled refresh in 540000ms.
(main.cc:145): ICE candidate #3: Cand[:721682156:1:udp:58662911:120.79.210.6:60629:relay:112.93.247.116:9590:upp2:OTtoGswWuJ35U0guZ1YfwecN:1:50:0]
(main.cc:152): Local ICE candidate [0|]: 
(basic_port_allocator.cc:1404): Net[enp4s0:192.168.137.x/24:Unknown:id=1]: Allocation Phase=Tcp
(port.cc:134): Port[aefd3fc0:0:1:0:host:Net[enp4s0:192.168.137.x/24:Unknown:id=1]]: Port created with network cost 50
(basic_port_allocator.cc:915): Adding allocated port for 0
(basic_port_allocator.cc:937): Port[aefd3fc0:0:1:0:host:Net[enp4s0:192.168.137.x/24:Unknown:id=1]]: Added port to allocator
(basic_port_allocator.cc:954): Port[aefd3fc0:0:1:0:host:Net[enp4s0:192.168.137.x/24:Unknown:id=1]]: Gathered candidate: Cand[:1214120956:1:tcp:1518280447:192.168.137.x:53891:host::0:upp2:OTtoGswWuJ35U0guZ1YfwecN:1:50:0]
(basic_port_allocator.cc:987): Port[aefd3fc0:0:1:0:host:Net[enp4s0:192.168.137.x/24:Unknown:id=1]]: Port ready.
(basic_port_allocator.cc:1099): Port[aefd3fc0:0:1:0:host:Net[enp4s0:192.168.137.x/24:Unknown:id=1]]: Port completed gathering candidates.
(main.cc:145): ICE candidate #4: Cand[:1214120956:1:tcp:1518280447:192.168.137.46:53891:host::0:upp2:OTtoGswWuJ35U0guZ1YfwecN:1:50:0]
(main.cc:152): Local ICE candidate [0|]: 
(main.cc:314): Waiting for ICE gathering to complete...
(basic_port_allocator.cc:954): Port[aefbf500:0:1:0:host:Net[enp4s0:192.168.137.x/24:Unknown:id=1]]: Gathered candidate: Cand[:4150244910:1:udp:1686052607:112.93.247.x:9591:srflx:192.168.137.x:55965:upp2:OTtoGswWuJ35U0guZ1YfwecN:1:50:0]
(basic_port_allocator.cc:1099): Port[aefbf500:0:1:0:host:Net[enp4s0:192.168.137.x/24:Unknown:id=1]]: Port completed gathering candidates.
(basic_port_allocator.cc:1173): All candidates gathered for 0:1:0
(p2p_transport_channel.cc:977): P2PTransportChannel: 0, component 1 gathering complete
(main.cc:145): ICE candidate #5: Cand[:4150244910:1:udp:1686052607:112.93.247.116:9591:srflx:192.168.137.46:55965:upp2:OTtoGswWuJ35U0guZ1YfwecN:1:50:0]
(main.cc:152): Local ICE candidate [0|]: 
(main.cc:137): IceGatheringState: complete
(main.cc:321): ICE gathering complete! Total candidates: 5
(main.cc:322): SDP: v=0
o=- 8793987661479320175 2 IN IP4 127.0.0.1
s=-
t=0 0
a=group:BUNDLE 0
a=extmap-allow-mixed
a=msid-semantic: WMS
m=application 9 UDP/DTLS/SCTP webrtc-datachannel
c=IN IP4 0.0.0.0
a=ice-ufrag:upp2
a=ice-pwd:OTtoGswWuJ35U0guZ1YfwecN
a=ice-options:trickle
a=fingerprint:sha-256 D8:ED:8D:82:5C:DE:98:AA:B7:28:F4:F2:1F:39:D6:A3:43:03:52:A8:39:DC:0E:62:86:E8:E7:23:BE:A9:62:85
a=setup:actpass
a=mid:0
a=sctp-port:5000
a=max-message-size:262144

(dtls_srtp_transport.cc:53): Setting RTP Transport on 0 transport aefbce90
(p2p_transport_channel.cc:505): Received remote ICE parameters: ufrag=0+AC, renomination disabled
(dtls_transport.cc:603): DtlsTransport[0|1|__]: DTLS setup complete, dtls_in_stun: 0
(peer_connection.cc:2307): Creating data channel, mid=0
(sdp_offer_answer.cc:3339): Session: 8793987661479320175 Old state: have-local-offer New state: stable
(main.cc:126): SignalingState: stable
(dcsctp_transport.cc:200): DcSctpTransport0->Start(local=5000, remote=5000, max_message_size=262144, local_init=(not set), remote_init=(not set))
(peer_connection.cc:2026): Changing IceConnectionState new => checking
(main.cc:210): SetRemoteDescription OK
(sdp_offer_answer.cc:3067): Blocking SetRemoteDescriptionPostProcess: total=1 (actual=0, could=1, duration=10us)
(sdp_offer_answer.cc:2326): Blocking ApplyRemoteDescription: total=4 (actual=0, could=4, duration=768us)
(sdp_offer_answer.cc:3041): Blocking DoSetRemoteDescription: total=4 (actual=0, could=4, duration=851us)
(connection.cc:268): Conn[aefd8830:0:Net[enp4s0:192.168.137.x/24:Unknown:id=1]:SYrIdTsW:1:0:relay:udp:120.79.210.x:60629->50b+mP9T:1:2122260223:host:udp:192.168.137.x:60186|C--W|-|0|0|251955288477679102|-]: Connection created
(turn_port.cc:1683): Port[aefd23e0:0:1:0:relay:Net[enp4s0:192.168.137.x/24:Unknown:id=1]]: TURN create permission request sent, id=6f693675564f34656c485431
(p2p_transport_channel.cc:1496): Channel[0|1|__: Created connection with origin: 2, total: 1
(connection.cc:268): Conn[aefd9450:0:Net[enp4s0:192.168.137.x/24:Unknown:id=1]:ThKeEUSy:1:0:host:udp:192.168.137.x:55965->50b+mP9T:1:2122260223:host:udp:192.168.137.x:60186|C--W|-|0|0|9115038255631187454|-]: Connection created
(p2p_transport_channel.cc:1496): Channel[0|1|__: Created connection with origin: 2, total: 2
(p2p_transport_channel.cc:1951): Channel[0|1|__: Transport channel state changed from 0 to 1
(jsep_transport_controller.cc:1361): 0 Transport 1 state changed. Check if state is complete.
(p2p_transport_channel.cc:1742): Channel[0|1|__: Have a pingable connection for the first time; starting to ping.
(peer_connection.cc:2048): Changing standardized IceConnectionState new => checking
(main.cc:159): PeerConnectionState: connecting
(connection.cc:1658): Conn[aefd9450:0:Net[enp4s0:192.168.137.x/24:Unknown:id=1]:ThKeEUSy:1:0:host:udp:192.168.137.x:55965->50b+mP9T:1:2122260223:host:udp:192.168.137.x:60186|C--W|-|0|0|9115038255631187454|-]: Sent STUN BINDING request, id=69384b41473830503349726e, use_candidate=1, nomination=0
(connection.cc:567): Conn[aefd9450:0:Net[enp4s0:192.168.137.x/24:Unknown:id=1]:ThKeEUSy:1:0:host:udp:192.168.137.x:55965->50b+mP9T:1:2122260223:host:udp:192.168.137.x:60186|C--I|-|0|0|9115038255631187454|-]: Received STUN BINDING request, id=59776c62435575754650496d
(connection.cc:888): Conn[aefd9450:0:Net[enp4s0:192.168.137.x/24:Unknown:id=1]:ThKeEUSy:1:0:host:udp:192.168.137.x:55965->50b+mP9T:1:2122260223:host:udp:192.168.137.x:60186|CR-I|-|0|0|9115038255631187454|-]: Sent STUN BINDING response, to=192.168.137.x:60186, id=59776c62435575754650496d
(physical_socket_server.cc:1020): Assuming benign blocking error : [0x0000006B] Transport endpoint is not connected
(connection.cc:268): Conn[aefdbf70:0:Net[enp4s0:192.168.137.x/24:Unknown:id=1]:SYrIdTsW:1:0:relay:udp:120.79.210.x:60629->KOokqVwc:1:1686052607:srflx:udp:112.93.247.x:9608|C--W|-|0|0|251955287605263870|-]: Connection created
(turn_port.cc:1683): Port[aefd23e0:0:1:0:relay:Net[enp4s0:192.168.137.x/24:Unknown:id=1]]: TURN create permission request sent, id=683156762f7145474572427a
(p2p_transport_channel.cc:1496): Channel[0|1|R_: Created connection with origin: 2, total: 3
(connection.cc:268): Conn[aefdcad0:0:Net[enp4s0:192.168.137.x/24:Unknown:id=1]:ThKeEUSy:1:0:host:udp:192.168.137.x:55965->KOokqVwc:1:1686052607:srflx:udp:112.93.247.x:9608|C--W|-|0|0|7241540810645061119|-]: Connection created
(p2p_transport_channel.cc:1496): Channel[0|1|R_: Created connection with origin: 2, total: 4
(connection.cc:268): Conn[aefddef0:0:Net[enp4s0:192.168.137.x/24:Unknown:id=1]:h0O0AE/+:1:0:host:tcp:192.168.137.x:53891->WTGDb0jT:1:1518280447:host:tcp:192.168.137.x:42531|C--W|-|0|0|6520964869057822206|-]: Connection created
(p2p_transport_channel.cc:1496): Channel[0|1|R_: Created connection with origin: 2, total: 5
(turn_port.cc:1690): Port[aefd23e0:0:1:0:relay:Net[enp4s0:192.168.137.x/24:Unknown:id=1]]: TURN permission requested successfully, id=6f693675564f34656c485431, code=0, rtt=20189 us
(turn_port.cc:1879): Port[aefd23e0:0:1:0:relay:Net[enp4s0:192.168.137.x/24:Unknown:id=1]]: Create permission for 192.168.137.x:60186 succeeded
(turn_port.cc:1893): Port[aefd23e0:0:1:0:relay:Net[enp4s0:192.168.137.x/24:Unknown:id=1]]: Scheduled create-permission-request in 240000ms.
(turn_port.cc:1690): Port[aefd23e0:0:1:0:relay:Net[enp4s0:192.168.137.x/24:Unknown:id=1]]: TURN permission requested successfully, id=683156762f7145474572427a, code=0, rtt=19186 us
(turn_port.cc:1879): Port[aefd23e0:0:1:0:relay:Net[enp4s0:192.168.137.x/24:Unknown:id=1]]: Create permission for 112.93.247.x:9608 succeeded
(turn_port.cc:1893): Port[aefd23e0:0:1:0:relay:Net[enp4s0:192.168.137.x/24:Unknown:id=1]]: Scheduled create-permission-request in 240000ms.
(connection.cc:268): Conn[aefe0500:0:Net[enp4s0:192.168.137.x/24:Unknown:id=1]:SYrIdTsW:1:0:relay:udp:120.79.210.x:60629->iJ4Spebj:1:1686052607:srflx:udp:112.93.247.x:9609|C--W|-|0|0|251955287605263870|-]: Connection created
(turn_port.cc:1683): Port[aefd23e0:0:1:0:relay:Net[enp4s0:192.168.137.x/24:Unknown:id=1]]: TURN create permission request sent, id=4f674b78536a67496b325a34
(p2p_transport_channel.cc:1496): Channel[0|1|R_: Created connection with origin: 2, total: 6
(connection.cc:268): Conn[aefe1430:0:Net[enp4s0:192.168.137.x/24:Unknown:id=1]:ThKeEUSy:1:0:host:udp:192.168.137.x:55965->iJ4Spebj:1:1686052607:srflx:udp:112.93.247.x:9609|C--W|-|0|0|7241540810645061119|-]: Connection created
(p2p_transport_channel.cc:1496): Channel[0|1|R_: Created connection with origin: 2, total: 7
(connection.cc:268): Conn[aefe3030:0:Net[enp4s0:192.168.137.x/24:Unknown:id=1]:SYrIdTsW:1:0:relay:udp:120.79.210.x:60629->tziWsg3L:1:58662911:relay:udp:120.79.210.x:60989|C--W|-|0|0|251955284350484478|-]: Connection created
(turn_port.cc:1683): Port[aefd23e0:0:1:0:relay:Net[enp4s0:192.168.137.x/24:Unknown:id=1]]: TURN create permission request sent, id=6562794b6554777264416130
(p2p_transport_channel.cc:1496): Channel[0|1|R_: Created connection with origin: 2, total: 8
(connection.cc:268): Conn[aefe4070:0:Net[enp4s0:192.168.137.x/24:Unknown:id=1]:ThKeEUSy:1:0:host:udp:192.168.137.x:55965->tziWsg3L:1:58662911:relay:udp:120.79.210.x:60989|C--W|-|0|0|251955288477679103|-]: Connection created
(p2p_transport_channel.cc:1496): Channel[0|1|R_: Created connection with origin: 2, total: 9
(main.cc:275): ICE exchange complete
(main.cc:349): Waiting for connection...
(basic_ice_controller.cc:258): Selecting connection for triggered check: Conn[aefd9450:0:Net[enp4s0:192.168.137.x/24:Unknown:id=1]:ThKeEUSy:1:0:host:udp:192.168.137.x:55965->50b+mP9T:1:2122260223:host:udp:192.168.137.x:60186|CR-I|-|0|0|9115038255631187454|-]
(connection.cc:1658): Conn[aefd9450:0:Net[enp4s0:192.168.137.x/24:Unknown:id=1]:ThKeEUSy:1:0:host:udp:192.168.137.x:55965->50b+mP9T:1:2122260223:host:udp:192.168.137.x:60186|CR-I|-|0|0|9115038255631187454|-]: Sent STUN BINDING request, id=6d4e37697454756576313766, use_candidate=1, nomination=0
(turn_port.cc:1683): Port[aefd23e0:0:1:0:relay:Net[enp4s0:192.168.137.x/24:Unknown:id=1]]: TURN create permission request sent, id=4f674b78536a67496b325a34
(turn_port.cc:1683): Port[aefd23e0:0:1:0:relay:Net[enp4s0:192.168.137.x/24:Unknown:id=1]]: TURN create permission request sent, id=6562794b6554777264416130
(turn_port.cc:1704): Port[aefd23e0:0:1:0:relay:Net[enp4s0:192.168.137.x/24:Unknown:id=1]]: Received TURN create permission error response, id=6562794b6554777264416130, code=403, rtt=147 us
(connection.cc:922): Conn[aefe3030:0:Net[enp4s0:192.168.137.x/24:Unknown:id=1]:SYrIdTsW:1:0:relay:udp:120.79.210.x:60629->tziWsg3L:1:58662911:relay:udp:120.79.210.x:60989|C--F|-|0|0|251955284350484478|-]: Connection pruned
(turn_port.cc:1907): Received TURN CreatePermission error response, code=403; pruned connection.
(turn_port.cc:1690): Port[aefd23e0:0:1:0:relay:Net[enp4s0:192.168.137.x/24:Unknown:id=1]]: TURN permission requested successfully, id=4f674b78536a67496b325a34, code=0, rtt=19406 us
(turn_port.cc:1879): Port[aefd23e0:0:1:0:relay:Net[enp4s0:192.168.137.x/24:Unknown:id=1]]: Create permission for 112.93.247.x:9609 succeeded
(turn_port.cc:1893): Port[aefd23e0:0:1:0:relay:Net[enp4s0:192.168.137.x/24:Unknown:id=1]]: Scheduled create-permission-request in 240000ms.
(connection.cc:1658): Conn[aefdcad0:0:Net[enp4s0:192.168.137.x/24:Unknown:id=1]:ThKeEUSy:1:0:host:udp:192.168.137.x:55965->KOokqVwc:1:1686052607:srflx:udp:112.93.247.x:9608|C--W|-|0|0|7241540810645061119|-]: Sent STUN BINDING request, id=76473248767a794264624b2b, use_candidate=1, nomination=0
(connection.cc:1658): Conn[aefe1430:0:Net[enp4s0:192.168.137.x/24:Unknown:id=1]:ThKeEUSy:1:0:host:udp:192.168.137.x:55965->iJ4Spebj:1:1686052607:srflx:udp:112.93.247.x:9609|C--W|-|0|0|7241540810645061119|-]: Sent STUN BINDING request, id=7949555a5057393046456148, use_candidate=1, nomination=0
(connection.cc:1658): Conn[aefddef0:0:Net[enp4s0:192.168.137.x/24:Unknown:id=1]:h0O0AE/+:1:0:host:tcp:192.168.137.x:53891->WTGDb0jT:1:1518280447:host:tcp:192.168.137.x:42531|C--W|-|0|0|6520964869057822206|-]: Sent STUN BINDING request, id=303149434872716e4259514b, use_candidate=1, nomination=0
(connection.cc:1658): Conn[aefe4070:0:Net[enp4s0:192.168.137.x/24:Unknown:id=1]:ThKeEUSy:1:0:host:udp:192.168.137.x:55965->tziWsg3L:1:58662911:relay:udp:120.79.210.x:60989|C--W|-|0|0|251955288477679103|-]: Sent STUN BINDING request, id=59506c574d2f533050424745, use_candidate=1, nomination=0
(connection.cc:1658): Conn[aefd8830:0:Net[enp4s0:192.168.137.x/24:Unknown:id=1]:SYrIdTsW:1:0:relay:udp:120.79.210.x:60629->50b+mP9T:1:2122260223:host:udp:192.168.137.x:60186|C--W|-|0|0|251955288477679102|-]: Sent STUN BINDING request, id=4246422b2f626a4663314955, use_candidate=1, nomination=0
(connection.cc:1658): Conn[aefdbf70:0:Net[enp4s0:192.168.137.x/24:Unknown:id=1]:SYrIdTsW:1:0:relay:udp:120.79.210.x:60629->KOokqVwc:1:1686052607:srflx:udp:112.93.247.x:9608|C--W|-|0|0|251955287605263870|-]: Sent STUN BINDING request, id=324b687948554f6336435667, use_candidate=1, nomination=0
(connection.cc:1658): Conn[aefe0500:0:Net[enp4s0:192.168.137.x/24:Unknown:id=1]:SYrIdTsW:1:0:relay:udp:120.79.210.x:60629->iJ4Spebj:1:1686052607:srflx:udp:112.93.247.x:9609|C--W|-|0|0|251955287605263870|-]: Sent STUN BINDING request, id=4a4b65596e4f353230625737, use_candidate=1, nomination=0
(connection.cc:1658): Conn[aefd9450:0:Net[enp4s0:192.168.137.x/24:Unknown:id=1]:ThKeEUSy:1:0:host:udp:192.168.137.x:55965->50b+mP9T:1:2122260223:host:udp:192.168.137.x:60186|CR-I|-|0|0|9115038255631187454|-]: Sent STUN BINDING request, id=4b4f5457754230647a5a3656, use_candidate=1, nomination=0
(connection.cc:1658): Conn[aefdcad0:0:Net[enp4s0:192.168.137.x/24:Unknown:id=1]:ThKeEUSy:1:0:host:udp:192.168.137.x:55965->KOokqVwc:1:1686052607:srflx:udp:112.93.247.x:9608|C--I|-|0|0|7241540810645061119|-]: Sent STUN BINDING request, id=644959626931474e696e7646, use_candidate=1, nomination=0
(connection.cc:1658): Conn[aefe1430:0:Net[enp4s0:192.168.137.x/24:Unknown:id=1]:ThKeEUSy:1:0:host:udp:192.168.137.x:55965->iJ4Spebj:1:1686052607:srflx:udp:112.93.247.x:9609|C--I|-|0|0|7241540810645061119|-]: Sent STUN BINDING request, id=45564c38324f773976633739, use_candidate=1, nomination=0
(connection.cc:1658): Conn[aefddef0:0:Net[enp4s0:192.168.137.x/24:Unknown:id=1]:h0O0AE/+:1:0:host:tcp:192.168.137.x:53891->WTGDb0jT:1:1518280447:host:tcp:192.168.137.x:42531|C--I|-|0|0|6520964869057822206|-]: Sent STUN BINDING request, id=3176365a716f4f62564e7371, use_candidate=1, nomination=0
(connection.cc:1658): Conn[aefe4070:0:Net[enp4s0:192.168.137.x/24:Unknown:id=1]:ThKeEUSy:1:0:host:udp:192.168.137.x:55965->tziWsg3L:1:58662911:relay:udp:120.79.210.x:60989|C--I|-|0|0|251955288477679103|-]: Sent STUN BINDING request, id=796a6c6e65384b71396b4776, use_candidate=1, nomination=0
(connection.cc:1658): Conn[aefd8830:0:Net[enp4s0:192.168.137.x/24:Unknown:id=1]:SYrIdTsW:1:0:relay:udp:120.79.210.x:60629->50b+mP9T:1:2122260223:host:udp:192.168.137.x:60186|C--I|-|0|0|251955288477679102|-]: Sent STUN BINDING request, id=52484f2f415146762f516853, use_candidate=1, nomination=0
(connection.cc:1658): Conn[aefdbf70:0:Net[enp4s0:192.168.137.x/24:Unknown:id=1]:SYrIdTsW:1:0:relay:udp:120.79.210.x:60629->KOokqVwc:1:1686052607:srflx:udp:112.93.247.x:9608|C--I|-|0|0|251955287605263870|-]: Sent STUN BINDING request, id=456e6752307769626d564468, use_candidate=1, nomination=0
(connection.cc:1658): Conn[aefe0500:0:Net[enp4s0:192.168.137.x/24:Unknown:id=1]:SYrIdTsW:1:0:relay:udp:120.79.210.x:60629->iJ4Spebj:1:1686052607:srflx:udp:112.93.247.x:9609|C--I|-|0|0|251955287605263870|-]: Sent STUN BINDING request, id=51624d4e5066767862625879, use_candidate=1, nomination=0
(connection.cc:1658): Conn[aefd9450:0:Net[enp4s0:192.168.137.x/24:Unknown:id=1]:ThKeEUSy:1:0:host:udp:192.168.137.x:55965->50b+mP9T:1:2122260223:host:udp:192.168.137.x:60186|C--I|-|0|0|9115038255631187454|-]: Sent STUN BINDING request, id=6f346e6c335267676d584e43, use_candidate=1, nomination=0
(connection.cc:1658): Conn[aefdcad0:0:Net[enp4s0:192.168.137.x/24:Unknown:id=1]:ThKeEUSy:1:0:host:udp:192.168.137.x:55965->KOokqVwc:1:1686052607:srflx:udp:112.93.247.x:9608|C--I|-|0|0|7241540810645061119|-]: Sent STUN BINDING request, id=705752326953373459466a7a, use_candidate=1, nomination=0
(connection.cc:1658): Conn[aefe1430:0:Net[enp4s0:192.168.137.x/24:Unknown:id=1]:ThKeEUSy:1:0:host:udp:192.168.137.x:55965->iJ4Spebj:1:1686052607:srflx:udp:112.93.247.x:9609|C--I|-|0|0|7241540810645061119|-]: Sent STUN BINDING request, id=36363267675655542b65536a, use_candidate=1, nomination=0
(connection.cc:1658): Conn[aefddef0:0:Net[enp4s0:192.168.137.x/24:Unknown:id=1]:h0O0AE/+:1:0:host:tcp:192.168.137.x:53891->WTGDb0jT:1:1518280447:host:tcp:192.168.137.x:42531|C--I|-|0|0|6520964869057822206|-]: Sent STUN BINDING request, id=35763354447a545062467254, use_candidate=1, nomination=0
(connection.cc:1658): Conn[aefe4070:0:Net[enp4s0:192.168.137.x/24:Unknown:id=1]:ThKeEUSy:1:0:host:udp:192.168.137.x:55965->tziWsg3L:1:58662911:relay:udp:120.79.210.x:60989|C--I|-|0|0|251955288477679103|-]: Sent STUN BINDING request, id=687a662f575051622f72666e, use_candidate=1, nomination=0
(connection.cc:1658): Conn[aefd8830:0:Net[enp4s0:192.168.137.x/24:Unknown:id=1]:SYrIdTsW:1:0:relay:udp:120.79.210.x:60629->50b+mP9T:1:2122260223:host:udp:192.168.137.x:60186|C--I|-|0|0|251955288477679102|-]: Sent STUN BINDING request, id=527a69682b77427341544250, use_candidate=1, nomination=0
(connection.cc:1658): Conn[aefdbf70:0:Net[enp4s0:192.168.137.x/24:Unknown:id=1]:SYrIdTsW:1:0:relay:udp:120.79.210.x:60629->KOokqVwc:1:1686052607:srflx:udp:112.93.247.x:9608|C--I|-|0|0|251955287605263870|-]: Sent STUN BINDING request, id=456555385757493638645770, use_candidate=1, nomination=0
(connection.cc:1658): Conn[aefe0500:0:Net[enp4s0:192.168.137.x/24:Unknown:id=1]:SYrIdTsW:1:0:relay:udp:120.79.210.x:60629->iJ4Spebj:1:1686052607:srflx:udp:112.93.247.x:9609|C--I|-|0|0|251955287605263870|-]: Sent STUN BINDING request, id=346568546a69524766384574, use_candidate=1, nomination=0
(connection.cc:1658): Conn[aefd9450:0:Net[enp4s0:192.168.137.x/24:Unknown:id=1]:ThKeEUSy:1:0:host:udp:192.168.137.x:55965->50b+mP9T:1:2122260223:host:udp:192.168.137.x:60186|C--I|-|0|0|9115038255631187454|-]: Sent STUN BINDING request, id=3077502f6633684b762f7269, use_candidate=1, nomination=0
(connection.cc:1658): Conn[aefdcad0:0:Net[enp4s0:192.168.137.x/24:Unknown:id=1]:ThKeEUSy:1:0:host:udp:192.168.137.x:55965->KOokqVwc:1:1686052607:srflx:udp:112.93.247.x:9608|C--I|-|0|0|7241540810645061119|-]: Sent STUN BINDING request, id=4e4b396b5775336d70396465, use_candidate=1, nomination=0
(connection.cc:1658): Conn[aefe1430:0:Net[enp4s0:192.168.137.x/24:Unknown:id=1]:ThKeEUSy:1:0:host:udp:192.168.137.x:55965->iJ4Spebj:1:1686052607:srflx:udp:112.93.247.x:9609|C--I|-|0|0|7241540810645061119|-]: Sent STUN BINDING request, id=2f4358334d464e7461745a76, use_candidate=1, nomination=0
(connection.cc:1658): Conn[aefddef0:0:Net[enp4s0:192.168.137.x/24:Unknown:id=1]:h0O0AE/+:1:0:host:tcp:192.168.137.x:53891->WTGDb0jT:1:1518280447:host:tcp:192.168.137.x:42531|C--I|-|0|0|6520964869057822206|-]: Sent STUN BINDING request, id=3349386e54694849354f3267, use_candidate=1, nomination=0
(connection.cc:1658): Conn[aefe4070:0:Net[enp4s0:192.168.137.x/24:Unknown:id=1]:ThKeEUSy:1:0:host:udp:192.168.137.x:55965->tziWsg3L:1:58662911:relay:udp:120.79.210.x:60989|C--I|-|0|0|251955288477679103|-]: Sent STUN BINDING request, id=41634839766f555154626349, use_candidate=1, nomination=0
(connection.cc:1658): Conn[aefd8830:0:Net[enp4s0:192.168.137.x/24:Unknown:id=1]:SYrIdTsW:1:0:relay:udp:120.79.210.x:60629->50b+mP9T:1:2122260223:host:udp:192.168.137.x:60186|C--I|-|0|0|251955288477679102|-]: Sent STUN BINDING request, id=374e6a6a2f394d71582b584e, use_candidate=1, nomination=0
(connection.cc:1658): Conn[aefdbf70:0:Net[enp4s0:192.168.137.x/24:Unknown:id=1]:SYrIdTsW:1:0:relay:udp:120.79.210.x:60629->KOokqVwc:1:1686052607:srflx:udp:112.93.247.x:9608|C--I|-|0|0|251955287605263870|-]: Sent STUN BINDING request, id=456c4b4f616872325a2b4d38, use_candidate=1, nomination=0
(connection.cc:1658): Conn[aefe0500:0:Net[enp4s0:192.168.137.x/24:Unknown:id=1]:SYrIdTsW:1:0:relay:udp:120.79.210.x:60629->iJ4Spebj:1:1686052607:srflx:udp:112.93.247.x:9609|C--I|-|0|0|251955287605263870|-]: Sent STUN BINDING request, id=564754532f784a7041633972, use_candidate=1, nomination=0
(connection.cc:1658): Conn[aefd9450:0:Net[enp4s0:192.168.137.x/24:Unknown:id=1]:ThKeEUSy:1:0:host:udp:192.168.137.x:55965->50b+mP9T:1:2122260223:host:udp:192.168.137.x:60186|C--I|-|0|0|9115038255631187454|-]: Sent STUN BINDING request, id=44326e655439437065665573, use_candidate=1, nomination=0
(connection.cc:1658): Conn[aefdcad0:0:Net[enp4s0:192.168.137.x/24:Unknown:id=1]:ThKeEUSy:1:0:host:udp:192.168.137.x:55965->KOokqVwc:1:1686052607:srflx:udp:112.93.247.x:9608|C--I|-|0|0|7241540810645061119|-]: Sent STUN BINDING request, id=6e6a496f68574539636f6345, use_candidate=1, nomination=0
(connection.cc:1658): Conn[aefe1430:0:Net[enp4s0:192.168.137.x/24:Unknown:id=1]:ThKeEUSy:1:0:host:udp:192.168.137.x:55965->iJ4Spebj:1:1686052607:srflx:udp:112.93.247.x:9609|C--I|-|0|0|7241540810645061119|-]: Sent STUN BINDING request, id=6d777a71752f727133436a52, use_candidate=1, nomination=0
(connection.cc:1658): Conn[aefddef0:0:Net[enp4s0:192.168.137.x/24:Unknown:id=1]:h0O0AE/+:1:0:host:tcp:192.168.137.x:53891->WTGDb0jT:1:1518280447:host:tcp:192.168.137.x:42531|C--I|-|0|0|6520964869057822206|-]: Sent STUN BINDING request, id=45306e6b34416b3958497558, use_candidate=1, nomination=0
(connection.cc:1658): Conn[aefe4070:0:Net[enp4s0:192.168.137.x/24:Unknown:id=1]:ThKeEUSy:1:0:host:udp:192.168.137.x:55965->tziWsg3L:1:58662911:relay:udp:120.79.210.x:60989|C--I|-|0|0|251955288477679103|-]: Sent STUN BINDING request, id=4776554c5a3232666738344e, use_candidate=1, nomination=0
(connection.cc:1658): Conn[aefd8830:0:Net[enp4s0:192.168.137.x/24:Unknown:id=1]:SYrIdTsW:1:0:relay:udp:120.79.210.x:60629->50b+mP9T:1:2122260223:host:udp:192.168.137.x:60186|C--I|-|0|0|251955288477679102|-]: Sent STUN BINDING request, id=74706d5171497369374b5a66, use_candidate=1, nomination=0
(connection.cc:1658): Conn[aefdbf70:0:Net[enp4s0:192.168.137.x/24:Unknown:id=1]:SYrIdTsW:1:0:relay:udp:120.79.210.x:60629->KOokqVwc:1:1686052607:srflx:udp:112.93.247.x:9608|C--I|-|0|0|251955287605263870|-]: Sent STUN BINDING request, id=75647072345a416e61735737, use_candidate=1, nomination=0
(connection.cc:1658): Conn[aefe0500:0:Net[enp4s0:192.168.137.x/24:Unknown:id=1]:SYrIdTsW:1:0:relay:udp:120.79.210.x:60629->iJ4Spebj:1:1686052607:srflx:udp:112.93.247.x:9609|C--I|-|0|0|251955287605263870|-]: Sent STUN BINDING request, id=4d3353444662675134307477, use_candidate=1, nomination=0
(connection.cc:1658): Conn[aefd9450:0:Net[enp4s0:192.168.137.x/24:Unknown:id=1]:ThKeEUSy:1:0:host:udp:192.168.137.x:55965->50b+mP9T:1:2122260223:host:udp:192.168.137.x:60186|C--I|-|0|0|9115038255631187454|-]: Sent STUN BINDING request, id=417235314a364c527a544d57, use_candidate=1, nomination=0
(connection.cc:1658): Conn[aefdcad0:0:Net[enp4s0:192.168.137.x/24:Unknown:id=1]:ThKeEUSy:1:0:host:udp:192.168.137.x:55965->KOokqVwc:1:1686052607:srflx:udp:112.93.247.x:9608|C--I|-|0|0|7241540810645061119|-]: Sent STUN BINDING request, id=6f4b37366875624a324b6231, use_candidate=1, nomination=0
(connection.cc:1658): Conn[aefe1430:0:Net[enp4s0:192.168.137.x/24:Unknown:id=1]:ThKeEUSy:1:0:host:udp:192.168.137.x:55965->iJ4Spebj:1:1686052607:srflx:udp:112.93.247.x:9609|C--I|-|0|0|7241540810645061119|-]: Sent STUN BINDING request, id=497435736e4c314b674c6c34, use_candidate=1, nomination=0
(connection.cc:1658): Conn[aefddef0:0:Net[enp4s0:192.168.137.x/24:Unknown:id=1]:h0O0AE/+:1:0:host:tcp:192.168.137.x:53891->WTGDb0jT:1:1518280447:host:tcp:192.168.137.x:42531|C--I|-|0|0|6520964869057822206|-]: Sent STUN BINDING request, id=686b51484d51386a53633544, use_candidate=1, nomination=0
(connection.cc:1658): Conn[aefe4070:0:Net[enp4s0:192.168.137.x/24:Unknown:id=1]:ThKeEUSy:1:0:host:udp:192.168.137.x:55965->tziWsg3L:1:58662911:relay:udp:120.79.210.x:60989|C--I|-|0|0|251955288477679103|-]: Sent STUN BINDING request, id=64416a713367793041613138, use_candidate=1, nomination=0
(connection.cc:1658): Conn[aefd8830:0:Net[enp4s0:192.168.137.x/24:Unknown:id=1]:SYrIdTsW:1:0:relay:udp:120.79.210.x:60629->50b+mP9T:1:2122260223:host:udp:192.168.137.x:60186|C--I|-|0|0|251955288477679102|-]: Sent STUN BINDING request, id=4257775163754c47586b6139, use_candidate=1, nomination=0
(connection.cc:1658): Conn[aefdbf70:0:Net[enp4s0:192.168.137.x/24:Unknown:id=1]:SYrIdTsW:1:0:relay:udp:120.79.210.x:60629->KOokqVwc:1:1686052607:srflx:udp:112.93.247.x:9608|C--I|-|0|0|251955287605263870|-]: Sent STUN BINDING request, id=717959417a68773265584a50, use_candidate=1, nomination=0
(connection.cc:1658): Conn[aefe0500:0:Net[enp4s0:192.168.137.x/24:Unknown:id=1]:SYrIdTsW:1:0:relay:udp:120.79.210.x:60629->iJ4Spebj:1:1686052607:srflx:udp:112.93.247.x:9609|C--I|-|0|0|251955287605263870|-]: Sent STUN BINDING request, id=616678704676495052516a2f, use_candidate=1, nomination=0
(connection.cc:1658): Conn[aefd9450:0:Net[enp4s0:192.168.137.x/24:Unknown:id=1]:ThKeEUSy:1:0:host:udp:192.168.137.x:55965->50b+mP9T:1:2122260223:host:udp:192.168.137.x:60186|C--I|-|0|0|9115038255631187454|-]: Sent STUN BINDING request, id=644a49565054683565334959, use_candidate=1, nomination=0
(connection.cc:1658): Conn[aefdcad0:0:Net[enp4s0:192.168.137.x/24:Unknown:id=1]:ThKeEUSy:1:0:host:udp:192.168.137.x:55965->KOokqVwc:1:1686052607:srflx:udp:112.93.247.x:9608|C--I|-|0|0|7241540810645061119|-]: Sent STUN BINDING request, id=62507452473154304a774955, use_candidate=1, nomination=0
(connection.cc:1658): Conn[aefe1430:0:Net[enp4s0:192.168.137.x/24:Unknown:id=1]:ThKeEUSy:1:0:host:udp:192.168.137.x:55965->iJ4Spebj:1:1686052607:srflx:udp:112.93.247.x:9609|C--I|-|0|0|7241540810645061119|-]: Sent STUN BINDING request, id=3271546d483969577055776b, use_candidate=1, nomination=0
(connection.cc:1658): Conn[aefddef0:0:Net[enp4s0:192.168.137.x/24:Unknown:id=1]:h0O0AE/+:1:0:host:tcp:192.168.137.x:53891->WTGDb0jT:1:1518280447:host:tcp:192.168.137.x:42531|C--I|-|0|0|6520964869057822206|-]: Sent STUN BINDING request, id=31316252534755594f526f58, use_candidate=1, nomination=0
(connection.cc:1658): Conn[aefe4070:0:Net[enp4s0:192.168.137.x/24:Unknown:id=1]:ThKeEUSy:1:0:host:udp:192.168.137.x:55965->tziWsg3L:1:58662911:relay:udp:120.79.210.x:60989|C--I|-|0|0|251955288477679103|-]: Sent STUN BINDING request, id=424372562b514d75727a4e49, use_candidate=1, nomination=0
(connection.cc:1658): Conn[aefd8830:0:Net[enp4s0:192.168.137.x/24:Unknown:id=1]:SYrIdTsW:1:0:relay:udp:120.79.210.x:60629->50b+mP9T:1:2122260223:host:udp:192.168.137.x:60186|C--I|-|0|0|251955288477679102|-]: Sent STUN BINDING request, id=6c78674d3936584e2b49574f, use_candidate=1, nomination=0
(connection.cc:1658): Conn[aefdbf70:0:Net[enp4s0:192.168.137.x/24:Unknown:id=1]:SYrIdTsW:1:0:relay:udp:120.79.210.x:60629->KOokqVwc:1:1686052607:srflx:udp:112.93.247.x:9608|C--I|-|0|0|251955287605263870|-]: Sent STUN BINDING request, id=355a305a474d4e3974362b33, use_candidate=1, nomination=0
(connection.cc:1658): Conn[aefe0500:0:Net[enp4s0:192.168.137.x/24:Unknown:id=1]:SYrIdTsW:1:0:relay:udp:120.79.210.x:60629->iJ4Spebj:1:1686052607:srflx:udp:112.93.247.x:9609|C--I|-|0|0|251955287605263870|-]: Sent STUN BINDING request, id=5534736f6d55466a354b366f, use_candidate=1, nomination=0
(connection.cc:1658): Conn[aefd9450:0:Net[enp4s0:192.168.137.x/24:Unknown:id=1]:ThKeEUSy:1:0:host:udp:192.168.137.x:55965->50b+mP9T:1:2122260223:host:udp:192.168.137.x:60186|C--I|-|0|0|9115038255631187454|-]: Sent STUN BINDING request, id=376749475a58382f716d7a79, use_candidate=1, nomination=0
(connection.cc:1658): Conn[aefdcad0:0:Net[enp4s0:192.168.137.x/24:Unknown:id=1]:ThKeEUSy:1:0:host:udp:192.168.137.x:55965->KOokqVwc:1:1686052607:srflx:udp:112.93.247.x:9608|C--I|-|0|0|7241540810645061119|-]: Sent STUN BINDING request, id=57632b39415069426455702f, use_candidate=1, nomination=0
(connection.cc:1658): Conn[aefe1430:0:Net[enp4s0:192.168.137.x/24:Unknown:id=1]:ThKeEUSy:1:0:host:udp:192.168.137.x:55965->iJ4Spebj:1:1686052607:srflx:udp:112.93.247.x:9609|C--I|-|0|0|7241540810645061119|-]: Sent STUN BINDING request, id=74584e43696565784d565768, use_candidate=1, nomination=0
(connection.cc:1658): Conn[aefddef0:0:Net[enp4s0:192.168.137.x/24:Unknown:id=1]:h0O0AE/+:1:0:host:tcp:192.168.137.x:53891->WTGDb0jT:1:1518280447:host:tcp:192.168.137.x:42531|C--I|-|0|0|6520964869057822206|-]: Sent STUN BINDING request, id=32354f682f5151547a726832, use_candidate=1, nomination=0
(connection.cc:1658): Conn[aefe4070:0:Net[enp4s0:192.168.137.x/24:Unknown:id=1]:ThKeEUSy:1:0:host:udp:192.168.137.x:55965->tziWsg3L:1:58662911:relay:udp:120.79.210.x:60989|C--I|-|0|0|251955288477679103|-]: Sent STUN BINDING request, id=304c72684970353265396f48, use_candidate=1, nomination=0
(connection.cc:1658): Conn[aefd8830:0:Net[enp4s0:192.168.137.x/24:Unknown:id=1]:SYrIdTsW:1:0:relay:udp:120.79.210.x:60629->50b+mP9T:1:2122260223:host:udp:192.168.137.x:60186|C--I|-|0|0|251955288477679102|-]: Sent STUN BINDING request, id=6c6e2f35525359624f477462, use_candidate=1, nomination=0
(connection.cc:1658): Conn[aefdbf70:0:Net[enp4s0:192.168.137.x/24:Unknown:id=1]:SYrIdTsW:1:0:relay:udp:120.79.210.x:60629->KOokqVwc:1:1686052607:srflx:udp:112.93.247.x:9608|C--I|-|0|0|251955287605263870|-]: Sent STUN BINDING request, id=36764e7a54767754306b794b, use_candidate=1, nomination=0
(connection.cc:1658): Conn[aefe0500:0:Net[enp4s0:192.168.137.x/24:Unknown:id=1]:SYrIdTsW:1:0:relay:udp:120.79.210.x:60629->iJ4Spebj:1:1686052607:srflx:udp:112.93.247.x:9609|C--I|-|0|0|251955287605263870|-]: Sent STUN BINDING request, id=566b7662567170396f456130, use_candidate=1, nomination=0
(connection.cc:1658): Conn[aefd9450:0:Net[enp4s0:192.168.137.x/24:Unknown:id=1]:ThKeEUSy:1:0:host:udp:192.168.137.x:55965->50b+mP9T:1:2122260223:host:udp:192.168.137.x:60186|C--I|-|0|0|9115038255631187454|-]: Sent STUN BINDING request, id=304c6a5a5a6a706b5a794651, use_candidate=1, nomination=0
(connection.cc:1658): Conn[aefdcad0:0:Net[enp4s0:192.168.137.x/24:Unknown:id=1]:ThKeEUSy:1:0:host:udp:192.168.137.x:55965->KOokqVwc:1:1686052607:srflx:udp:112.93.247.x:9608|C--I|-|0|0|7241540810645061119|-]: Sent STUN BINDING request, id=4a30704f796c31574a612b78, use_candidate=1, nomination=0
(connection.cc:1658): Conn[aefe1430:0:Net[enp4s0:192.168.137.x/24:Unknown:id=1]:ThKeEUSy:1:0:host:udp:192.168.137.x:55965->iJ4Spebj:1:1686052607:srflx:udp:112.93.247.x:9609|C--I|-|0|0|7241540810645061119|-]: Sent STUN BINDING request, id=30794e49522f674551526748, use_candidate=1, nomination=0
(connection.cc:1658): Conn[aefddef0:0:Net[enp4s0:192.168.137.x/24:Unknown:id=1]:h0O0AE/+:1:0:host:tcp:192.168.137.x:53891->WTGDb0jT:1:1518280447:host:tcp:192.168.137.x:42531|C--I|-|0|0|6520964869057822206|-]: Sent STUN BINDING request, id=5a5472627833734963505548, use_candidate=1, nomination=0
(connection.cc:1534): Conn[aefddef0:0:Net[enp4s0:192.168.137.x/24:Unknown:id=1]:h0O0AE/+:1:0:host:tcp:192.168.137.x:53891->WTGDb0jT:1:1518280447:host:tcp:192.168.137.x:42531|C--I|-|0|0|6520964869057822206|-]: Received STUN BINDING response, id=303149434872716e4259514b, code=0, rtt=3232418 us, pings_since_last_response=303149434872716e4259514b 3176365a716f4f62564e7371 35763354447a545062467254 3349386e54694849354f3267 45306e6b34416b3958497558 ... 4 more
(connection.cc:1831): Conn[aefddef0:0:Net[enp4s0:192.168.137.x/24:Unknown:id=1]:6YJd03Uo:1:0:prflx:tcp:192.168.137.x:39071->WTGDb0jT:1:1518280447:host:tcp:192.168.137.x:42531|CRWS|-|0|0|5800388928678542846|-]: Updating local candidate type to prflx.
(wrapping_active_ice_controller.cc:189): Switching selected connection due to: candidate pair state changed
(p2p_transport_channel.cc:1866): Channel[0|1|__: New selected connection: Conn[aefddef0:0:Net[enp4s0:192.168.137.x/24:Unknown:id=1]:6YJd03Uo:1:0:prflx:tcp:192.168.137.x:39071->WTGDb0jT:1:1518280447:host:tcp:192.168.137.x:42531|CRWS|S|0|0|5800388928678542846|-]
(connection.cc:922): Conn[aefe4070:0:Net[enp4s0:192.168.137.x/24:Unknown:id=1]:ThKeEUSy:1:0:host:udp:192.168.137.x:55965->tziWsg3L:1:58662911:relay:udp:120.79.210.x:60989|C--I|-|0|0|251955288477679103|-]: Connection pruned
(connection.cc:922): Conn[aefd8830:0:Net[enp4s0:192.168.137.x/24:Unknown:id=1]:SYrIdTsW:1:0:relay:udp:120.79.210.x:60629->50b+mP9T:1:2122260223:host:udp:192.168.137.x:60186|C--I|-|0|0|251955288477679102|-]: Connection pruned
(connection.cc:922): Conn[aefdbf70:0:Net[enp4s0:192.168.137.x/24:Unknown:id=1]:SYrIdTsW:1:0:relay:udp:120.79.210.x:60629->KOokqVwc:1:1686052607:srflx:udp:112.93.247.x:9608|C--I|-|0|0|251955287605263870|-]: Connection pruned
(connection.cc:922): Conn[aefe0500:0:Net[enp4s0:192.168.137.x/24:Unknown:id=1]:SYrIdTsW:1:0:relay:udp:120.79.210.x:60629->iJ4Spebj:1:1686052607:srflx:udp:112.93.247.x:9609|C--I|-|0|0|251955287605263870|-]: Connection pruned
(dtls_transport.cc:818): DtlsTransport[0|1|__]: ice_transport writable state changed to 1 dtls_state: kNew
(dtls_transport.cc:1221): DtlsTransport[0|1|__]: configuring DTLS handshake timeout 3000ms based on ICE RTT 3232
(dtls_transport.cc:1071): DtlsTransport[0|1|__]: DtlsTransportInternalImpl: Start DTLS handshake active=1 role=server
(openssl_stream_adapter.cc:926): BeginSSL with peer.
(openssl_adapter.cc:810): TLS server start_accept
(openssl_adapter.cc:810): TLS server read_client_hello
(openssl_adapter.cc:810): TLS server read_client_hello
(openssl_stream_adapter.cc:1010):  -- error when we want to read
(srtp_transport.cc:241): The params in SRTP transport are reset.
(jsep_transport_controller.cc:1361): 0 Transport 1 state changed. Check if state is complete.
(peer_connection.cc:2048): Changing standardized IceConnectionState checking => connected
(connection.cc:1534): Conn[aefd9450:0:Net[enp4s0:192.168.137.x/24:Unknown:id=1]:ThKeEUSy:1:0:host:udp:192.168.137.x:55965->50b+mP9T:1:2122260223:host:udp:192.168.137.x:60186|C--I|-|0|0|9115038255631187454|-]: Received STUN BINDING response, id=69384b41473830503349726e, code=0, rtt=5123702 us, pings_since_last_response=69384b41473830503349726e 6d4e37697454756576313766 4b4f5457754230647a5a3656 6f346e6c335267676d584e43 3077502f6633684b762f7269 ... 5 more
(wrapping_active_ice_controller.cc:189): Switching selected connection due to: candidate pair state changed
(p2p_transport_channel.cc:1863): Channel[0|1|RW: Previous selected connection: Conn[aefddef0:0:Net[enp4s0:192.168.137.x/24:Unknown:id=1]:6YJd03Uo:1:0:prflx:tcp:192.168.137.x:39071->WTGDb0jT:1:1518280447:host:tcp:192.168.137.x:42531|CRWS|-|0|0|5800388928678542846|1100]
(p2p_transport_channel.cc:1866): Channel[0|1|RW: New selected connection: Conn[aefd9450:0:Net[enp4s0:192.168.137.x/24:Unknown:id=1]:ThKeEUSy:1:0:host:udp:192.168.137.x:55965->50b+mP9T:1:2122260223:host:udp:192.168.137.x:60186|CRWS|S|0|0|9115038255631187454|-]
(connection.cc:922): Conn[aefddef0:0:Net[enp4s0:192.168.137.x/24:Unknown:id=1]:6YJd03Uo:1:0:prflx:tcp:192.168.137.x:39071->WTGDb0jT:1:1518280447:host:tcp:192.168.137.x:42531|CRWS|-|0|0|5800388928678542846|1100]: Connection pruned
(connection.cc:922): Conn[aefdcad0:0:Net[enp4s0:192.168.137.x/24:Unknown:id=1]:ThKeEUSy:1:0:host:udp:192.168.137.x:55965->KOokqVwc:1:1686052607:srflx:udp:112.93.247.x:9608|C--I|-|0|0|7241540810645061119|-]: Connection pruned
(connection.cc:922): Conn[aefe1430:0:Net[enp4s0:192.168.137.x/24:Unknown:id=1]:ThKeEUSy:1:0:host:udp:192.168.137.x:55965->iJ4Spebj:1:1686052607:srflx:udp:112.93.247.x:9609|C--I|-|0|0|7241540810645061119|-]: Connection pruned
(p2p_transport_channel.cc:1951): Channel[0|1|RW: Transport channel state changed from 1 to 2
(jsep_transport_controller.cc:1361): 0 Transport 1 state changed. Check if state is complete.
(openssl_adapter.cc:810): TLS server read_client_hello_after_ech
(openssl_adapter.cc:810): TLS server cert_callback
(openssl_adapter.cc:810): TLS 1.3 server select_parameters
(openssl_adapter.cc:810): TLS 1.3 server select_session
(openssl_adapter.cc:810): TLS 1.3 server send_server_hello
(openssl_adapter.cc:810): TLS 1.3 server send_server_certificate_verify
(openssl_adapter.cc:810): TLS 1.3 server send_server_finished
(openssl_adapter.cc:810): TLS 1.3 server send_half_rtt_ticket
(openssl_adapter.cc:810): TLS 1.3 server read_second_client_flight
(openssl_adapter.cc:810): TLS 1.3 server process_end_of_early_data
(openssl_adapter.cc:810): TLS 1.3 server read_client_encrypted_extensions
(openssl_adapter.cc:810): TLS 1.3 server read_client_certificate
(openssl_adapter.cc:810): TLS 1.3 server read_client_certificate
(openssl_stream_adapter.cc:1010):  -- error when we want to read
(openssl_adapter.cc:810): TLS 1.3 server read_client_certificate_verify
(openssl_stream_adapter.cc:1217): Accepted peer certificate.
(openssl_adapter.cc:810): TLS 1.3 server read_channel_id
(openssl_adapter.cc:810): TLS 1.3 server read_client_finished
(openssl_adapter.cc:810): TLS 1.3 server send_new_session_ticket
(openssl_adapter.cc:810): TLS 1.3 server done
(openssl_adapter.cc:810): TLS server finish_server_handshake
(openssl_adapter.cc:810): TLS server done
(openssl_adapter.cc:810): TLS server done
(openssl_adapter.cc:810): TLS server done
(openssl_stream_adapter.cc:991):  -- success
(dtls_transport.cc:997): DtlsTransport[0|1|__]: DTLS handshake complete.
(jsep_transport_controller.cc:1299):  Transport 0 writability changed to 1.
(dtls_srtp_transport.cc:253): Extracting keys from transport: 0
(srtp_transport.cc:186): SRTP activated with negotiated parameters: send crypto_suite 1 recv crypto_suite 1
(dcsctp_socket.cc:324): DcSctpTransport0: [CLOSED] Connecting. my_verification_tag=5c2fecac, my_initial_tsn=4264933695
(main.cc:159): PeerConnectionState: connected
(main.cc:162): >>> CONNECTION ESTABLISHED <<<
(peer_connection.cc:2605): Changing to ICE completed state because all transports are complete.
(peer_connection.cc:2026): Changing IceConnectionState checking => connected
(peer_connection.cc:2026): Changing IceConnectionState connected => completed
(peer_connection.cc:2048): Changing standardized IceConnectionState connected => completed
(dcsctp_transport.cc:577): DcSctpTransport0->OnConnected().
(dcsctp_transport.cc:265): DcSctpTransport0->OpenStream(1, 256).
(data_channel_controller.cc:500): AllocateSctpSids: Id assigned, ready to send.
(main.cc:98): DataChannel state: open
(sctp_data_channel.cc:726): DataChannel received OPEN_ACK message, sid = 1
(main.cc:356): DataChannel OPEN!
(base) light@light-lab:~/webrtc/checkout/src/out/learning_x64$ ./learning 
(main.cc:357): WebRTC started
(main.cc:415): CreatePeerConnection init success!
(main.cc:421): Daemon waiting for cilent...
(unix_socket_server.cc:46): Unix socket listening on /tmp/webrtc_runtime/dc_call.sock, waiting for client...
(unix_socket_server.cc:56): Unix socket client connected on fd=7
(main.cc:277): DataChannel init success!
(openssl_key_pair.cc:36): Making key pair
(openssl_key_pair.cc:89): Returning key pair
(boringssl_certificate.cc:186): Making certificate for WebRTC
(boringssl_certificate.cc:242): Returning certificate
(main.cc:182): Local SDP created (type= offer )
(p2p_transport_channel.cc:560): Set backup connection ping interval to 25 s milliseconds.
(p2p_transport_channel.cc:569): Set ICE receiving timeout to 2500 ms milliseconds
(p2p_transport_channel.cc:576): Set ping most likely connection to 0
(p2p_transport_channel.cc:583): Set stable_writable_connection_ping_interval to 2500 ms
(p2p_transport_channel.cc:596): Set presume writable when fully relayed to 0
(p2p_transport_channel.cc:614): Set regather_on_failed_networks_interval to 300 s
(p2p_transport_channel.cc:624): Set receiving_switching_delay to 1 s
(jsep_transport_controller.cc:641): Creating DtlsSrtpTransport.
(dtls_srtp_transport.cc:53): Setting RTP Transport on 0 transport add77e90
(srtp_transport.cc:241): The params in SRTP transport are reset.
(p2p_transport_channel.cc:494): Set ICE ufrag: 5aMh pwd: VoWtzs25aNP3/biwMDNUm07J on transport 0
(peer_connection.cc:2307): Creating data channel, mid=0
(sdp_offer_answer.cc:3339): Session: 487136786792922063 Old state: stable New state: have-local-offer
(main.cc:114): SignalingState: have-local-offer
(sdp_offer_answer.cc:1973): Blocking ApplyLocalDescription: total=2 (actual=0, could=2, duration=957us)
(main.cc:168): SetLocalDesc OK
(basic_port_allocator.cc:372): Start getting ports with turn_port_prune_policy 0
(sdp_offer_answer.cc:2693): Blocking DoSetLocalDescription: total=3 (actual=0, could=3, duration=1330us)
(sdp_offer_answer.cc:1876): Blocking SetLocalDescription: total=3 (actual=0, could=3, duration=1366us)
(main.cc:125): IceGatheringState: gathering
(basic_port_allocator.cc:697): Count of networks: 3
(basic_port_allocator.cc:699): Net[enp4s0:192.168.137.x/24:Unknown:id=1]
(basic_port_allocator.cc:699): Net[lo:0:0:0:x:x:x:x:x/128:Loopback:id=3]
(basic_port_allocator.cc:699): Net[lo:127.0.0.x/8:Loopback:id=2]
(basic_port_allocator.cc:125): Filtered out ignored networks:
(basic_port_allocator.cc:127): Net[lo:0:0:0:x:x:x:x:x/128:Loopback:id=3]
(basic_port_allocator.cc:127): Net[lo:127.0.0.x/8:Loopback:id=2]
(basic_port_allocator.cc:893): Network manager has started
(basic_port_allocator.cc:697): Count of networks: 3
(basic_port_allocator.cc:699): Net[enp4s0:192.168.137.x/24:Unknown:id=1]
(basic_port_allocator.cc:699): Net[lo:0:0:0:x:x:x:x:x/128:Loopback:id=3]
(basic_port_allocator.cc:699): Net[lo:127.0.0.x/8:Loopback:id=2]
(basic_port_allocator.cc:125): Filtered out ignored networks:
(basic_port_allocator.cc:127): Net[lo:0:0:0:x:x:x:x:x/128:Loopback:id=3]
(basic_port_allocator.cc:127): Net[lo:127.0.0.x/8:Loopback:id=2]
(basic_port_allocator.cc:805): Allocate ports on enp4s0 
(basic_port_allocator.cc:1404): Net[enp4s0:192.168.137.x/24:Unknown:id=1]: Allocation Phase=Udp
(port.cc:134): Port[add7a500:0:1:0:host:Net[enp4s0:192.168.137.x/24:Unknown:id=1]]: Port created with network cost 50
(basic_port_allocator.cc:1491): AllocationSequence: UDPPort will be handling the STUN candidate generation.
(basic_port_allocator.cc:915): Adding allocated port for 0
(basic_port_allocator.cc:937): Port[add7a500:0:1:0:host:Net[enp4s0:192.168.137.x/24:Unknown:id=1]]: Added port to allocator
(basic_port_allocator.cc:954): Port[add7a500:0:1:0:host:Net[enp4s0:192.168.137.x/24:Unknown:id=1]]: Gathered candidate: Cand[:1078401290:1:udp:2122260223:192.168.137.x:44528:host::0:5aMh:VoWtzs25aNP3/biwMDNUm07J:1:50:0]
(basic_port_allocator.cc:987): Port[add7a500:0:1:0:host:Net[enp4s0:192.168.137.x/24:Unknown:id=1]]: Port ready.
(stun_port.cc:459): Port[add7a500:0:1:0:host:Net[enp4s0:192.168.137.x/24:Unknown:id=1]]: Starting STUN host lookup for stun.l.google.com:19302
(main.cc:133): ICE candidate #1: Cand[:1078401290:1:udp:2122260223:192.168.137.46:44528:host::0:5aMh:VoWtzs25aNP3/biwMDNUm07J:1:50:0]
(main.cc:140): Local ICE candidate [0|]: 
(basic_port_allocator.cc:954): Port[add7a500:0:1:0:host:Net[enp4s0:192.168.137.x/24:Unknown:id=1]]: Gathered candidate: Cand[:4010670132:1:udp:1686052607:112.93.247.x:9512:srflx:192.168.137.x:44528:5aMh:VoWtzs25aNP3/biwMDNUm07J:1:50:0]
(main.cc:133): ICE candidate #2: Cand[:4010670132:1:udp:1686052607:112.93.247.116:9512:srflx:192.168.137.46:44528:5aMh:VoWtzs25aNP3/biwMDNUm07J:1:50:0]
(main.cc:140): Local ICE candidate [0|]: 
(basic_port_allocator.cc:1404): Net[enp4s0:192.168.137.x/24:Unknown:id=1]: Allocation Phase=Relay
(port.cc:134): Port[add8d3f0:0:1:0:relay:Net[enp4s0:192.168.137.x/24:Unknown:id=1]]: Port created with network cost 50
(basic_port_allocator.cc:915): Adding allocated port for 0
(basic_port_allocator.cc:937): Port[add8d3f0:0:1:0:relay:Net[enp4s0:192.168.137.x/24:Unknown:id=1]]: Added port to allocator
(turn_port.cc:418): Port[add8d3f0:0:1:0:relay:Net[enp4s0:192.168.137.x/24:Unknown:id=1]]: Trying to connect to TURN server via udp @ 120.79.210.x:3478
(turn_port.cc:1390): Port[add8d3f0:0:1:0:relay:Net[enp4s0:192.168.137.x/24:Unknown:id=1]]: TURN allocate request sent, id=42746c4e7a487a4e4d345a55
(turn_port.cc:1442): Port[add8d3f0:0:1:0:relay:Net[enp4s0:192.168.137.x/24:Unknown:id=1]]: Received TURN allocate error response, id=42746c4e7a487a4e4d345a55, code=401, rtt=18854 us
(turn_port.cc:1390): Port[add8d3f0:0:1:0:relay:Net[enp4s0:192.168.137.x/24:Unknown:id=1]]: TURN allocate request sent, id=50474b47384a484966685264
(turn_port.cc:1396): Port[add8d3f0:0:1:0:relay:Net[enp4s0:192.168.137.x/24:Unknown:id=1]]: TURN allocate requested successfully, id=50474b47384a484966685264, code=0, rtt=17951 us
(basic_port_allocator.cc:954): Port[add8d3f0:0:1:0:relay:Net[enp4s0:192.168.137.x/24:Unknown:id=1]]: Gathered candidate: Cand[:1699280154:1:udp:58662911:120.79.210.x:50957:relay:112.93.247.x:9512:5aMh:VoWtzs25aNP3/biwMDNUm07J:1:50:0]
(basic_port_allocator.cc:987): Port[add8d3f0:0:1:0:relay:Net[enp4s0:192.168.137.x/24:Unknown:id=1]]: Port ready.
(basic_port_allocator.cc:1099): Port[add8d3f0:0:1:0:relay:Net[enp4s0:192.168.137.x/24:Unknown:id=1]]: Port completed gathering candidates.
(turn_port.cc:1184): Port[add8d3f0:0:1:0:relay:Net[enp4s0:192.168.137.x/24:Unknown:id=1]]: Scheduled refresh in 540000ms.
(main.cc:133): ICE candidate #3: Cand[:1699280154:1:udp:58662911:120.79.210.6:50957:relay:112.93.247.116:9512:5aMh:VoWtzs25aNP3/biwMDNUm07J:1:50:0]
(main.cc:140): Local ICE candidate [0|]: 
(basic_port_allocator.cc:1404): Net[enp4s0:192.168.137.x/24:Unknown:id=1]: Allocation Phase=Tcp
(port.cc:134): Port[add8efd0:0:1:0:host:Net[enp4s0:192.168.137.x/24:Unknown:id=1]]: Port created with network cost 50
(basic_port_allocator.cc:915): Adding allocated port for 0
(basic_port_allocator.cc:937): Port[add8efd0:0:1:0:host:Net[enp4s0:192.168.137.x/24:Unknown:id=1]]: Added port to allocator
(basic_port_allocator.cc:954): Port[add8efd0:0:1:0:host:Net[enp4s0:192.168.137.x/24:Unknown:id=1]]: Gathered candidate: Cand[:1054424071:1:tcp:1518280447:192.168.137.x:54433:host::0:5aMh:VoWtzs25aNP3/biwMDNUm07J:1:50:0]
(basic_port_allocator.cc:987): Port[add8efd0:0:1:0:host:Net[enp4s0:192.168.137.x/24:Unknown:id=1]]: Port ready.
(basic_port_allocator.cc:1099): Port[add8efd0:0:1:0:host:Net[enp4s0:192.168.137.x/24:Unknown:id=1]]: Port completed gathering candidates.
(main.cc:133): ICE candidate #4: Cand[:1054424071:1:tcp:1518280447:192.168.137.46:54433:host::0:5aMh:VoWtzs25aNP3/biwMDNUm07J:1:50:0]
(main.cc:140): Local ICE candidate [0|]: 
(main.cc:302): Waiting for ICE gathering to complete...
(basic_port_allocator.cc:954): Port[add7a500:0:1:0:host:Net[enp4s0:192.168.137.x/24:Unknown:id=1]]: Gathered candidate: Cand[:4010670132:1:udp:1686052607:112.93.247.x:9513:srflx:192.168.137.x:44528:5aMh:VoWtzs25aNP3/biwMDNUm07J:1:50:0]
(basic_port_allocator.cc:1099): Port[add7a500:0:1:0:host:Net[enp4s0:192.168.137.x/24:Unknown:id=1]]: Port completed gathering candidates.
(basic_port_allocator.cc:1173): All candidates gathered for 0:1:0
(p2p_transport_channel.cc:977): P2PTransportChannel: 0, component 1 gathering complete
(main.cc:133): ICE candidate #5: Cand[:4010670132:1:udp:1686052607:112.93.247.116:9513:srflx:192.168.137.46:44528:5aMh:VoWtzs25aNP3/biwMDNUm07J:1:50:0]
(main.cc:140): Local ICE candidate [0|]: 
(main.cc:125): IceGatheringState: complete
(main.cc:309): ICE gathering complete! Total candidates: 5
(main.cc:310): SDP: v=0
o=- 487136786792922063 2 IN IP4 127.0.0.1
s=-
t=0 0
a=group:BUNDLE 0
a=extmap-allow-mixed
a=msid-semantic: WMS
m=application 9 UDP/DTLS/SCTP webrtc-datachannel
c=IN IP4 0.0.0.0
a=ice-ufrag:5aMh
a=ice-pwd:VoWtzs25aNP3/biwMDNUm07J
a=ice-options:trickle
a=fingerprint:sha-256 99:08:DA:E7:58:6B:AC:F6:03:68:8A:5D:96:AA:7E:03:7A:C8:4F:9C:48:BE:00:C0:C3:E7:31:5A:12:3A:83:D6
a=setup:actpass
a=mid:0
a=sctp-port:5000
a=max-message-size:262144

(dtls_srtp_transport.cc:53): Setting RTP Transport on 0 transport add77e90
(p2p_transport_channel.cc:505): Received remote ICE parameters: ufrag=zsoB, renomination disabled
(dtls_transport.cc:603): DtlsTransport[0|1|__]: DTLS setup complete, dtls_in_stun: 0
(peer_connection.cc:2307): Creating data channel, mid=0
(sdp_offer_answer.cc:3339): Session: 487136786792922063 Old state: have-local-offer New state: stable
(main.cc:114): SignalingState: stable
(dcsctp_transport.cc:200): DcSctpTransport0->Start(local=5000, remote=5000, max_message_size=262144, local_init=(not set), remote_init=(not set))
(peer_connection.cc:2026): Changing IceConnectionState new => checking
(main.cc:198): SetRemoteDescription OK
(sdp_offer_answer.cc:3067): Blocking SetRemoteDescriptionPostProcess: total=1 (actual=0, could=1, duration=9us)
(sdp_offer_answer.cc:2326): Blocking ApplyRemoteDescription: total=4 (actual=0, could=4, duration=718us)
(sdp_offer_answer.cc:3041): Blocking DoSetRemoteDescription: total=4 (actual=0, could=4, duration=823us)
(connection.cc:268): Conn[add93490:0:Net[enp4s0:192.168.137.x/24:Unknown:id=1]:Pzgjgymd:1:0:relay:udp:120.79.210.x:50957->LxDLtnE5:1:2122260223:host:udp:192.168.137.x:60476|C--W|-|0|0|251955288477679102|-]: Connection created
(turn_port.cc:1683): Port[add8d3f0:0:1:0:relay:Net[enp4s0:192.168.137.x/24:Unknown:id=1]]: TURN create permission request sent, id=58346e6d4765497a4150734d
(p2p_transport_channel.cc:1496): Channel[0|1|__: Created connection with origin: 2, total: 1
(connection.cc:268): Conn[add940b0:0:Net[enp4s0:192.168.137.x/24:Unknown:id=1]:LvnpL3tA:1:0:host:udp:192.168.137.x:44528->LxDLtnE5:1:2122260223:host:udp:192.168.137.x:60476|C--W|-|0|0|9115038255631187454|-]: Connection created
(p2p_transport_channel.cc:1496): Channel[0|1|__: Created connection with origin: 2, total: 2
(p2p_transport_channel.cc:1951): Channel[0|1|__: Transport channel state changed from 0 to 1
(jsep_transport_controller.cc:1361): 0 Transport 1 state changed. Check if state is complete.
(p2p_transport_channel.cc:1742): Channel[0|1|__: Have a pingable connection for the first time; starting to ping.
(peer_connection.cc:2048): Changing standardized IceConnectionState new => checking
(main.cc:147): PeerConnectionState: connecting
(connection.cc:1658): Conn[add940b0:0:Net[enp4s0:192.168.137.x/24:Unknown:id=1]:LvnpL3tA:1:0:host:udp:192.168.137.x:44528->LxDLtnE5:1:2122260223:host:udp:192.168.137.x:60476|C--W|-|0|0|9115038255631187454|-]: Sent STUN BINDING request, id=52494642466f55686a765155, use_candidate=1, nomination=0
(connection.cc:268): Conn[add95c50:0:Net[enp4s0:192.168.137.x/24:Unknown:id=1]:Pzgjgymd:1:0:relay:udp:120.79.210.x:50957->zO2GP6m8:1:1686052607:srflx:udp:112.93.247.x:9535|C--W|-|0|0|251955287605263870|-]: Connection created
(turn_port.cc:1683): Port[add8d3f0:0:1:0:relay:Net[enp4s0:192.168.137.x/24:Unknown:id=1]]: TURN create permission request sent, id=5a6743543638744d717a6f52
(p2p_transport_channel.cc:1496): Channel[0|1|__: Created connection with origin: 2, total: 3
(connection.cc:268): Conn[add96be0:0:Net[enp4s0:192.168.137.x/24:Unknown:id=1]:LvnpL3tA:1:0:host:udp:192.168.137.x:44528->zO2GP6m8:1:1686052607:srflx:udp:112.93.247.x:9535|C--W|-|0|0|7241540810645061119|-]: Connection created
(p2p_transport_channel.cc:1496): Channel[0|1|__: Created connection with origin: 2, total: 4
(turn_port.cc:1690): Port[add8d3f0:0:1:0:relay:Net[enp4s0:192.168.137.x/24:Unknown:id=1]]: TURN permission requested successfully, id=58346e6d4765497a4150734d, code=0, rtt=17587 us
(turn_port.cc:1879): Port[add8d3f0:0:1:0:relay:Net[enp4s0:192.168.137.x/24:Unknown:id=1]]: Create permission for 192.168.137.x:60476 succeeded
(turn_port.cc:1893): Port[add8d3f0:0:1:0:relay:Net[enp4s0:192.168.137.x/24:Unknown:id=1]]: Scheduled create-permission-request in 240000ms.
(connection.cc:268): Conn[add98730:0:Net[enp4s0:192.168.137.x/24:Unknown:id=1]:Pzgjgymd:1:0:relay:udp:120.79.210.x:50957->sQTUbY1D:1:58662911:relay:udp:120.79.210.x:62177|C--W|-|0|0|251955284350484478|-]: Connection created
(turn_port.cc:1683): Port[add8d3f0:0:1:0:relay:Net[enp4s0:192.168.137.x/24:Unknown:id=1]]: TURN create permission request sent, id=36465941374d57553468636e
(p2p_transport_channel.cc:1496): Channel[0|1|__: Created connection with origin: 2, total: 5
(connection.cc:268): Conn[add99770:0:Net[enp4s0:192.168.137.x/24:Unknown:id=1]:LvnpL3tA:1:0:host:udp:192.168.137.x:44528->sQTUbY1D:1:58662911:relay:udp:120.79.210.x:62177|C--W|-|0|0|251955288477679103|-]: Connection created
(p2p_transport_channel.cc:1496): Channel[0|1|__: Created connection with origin: 2, total: 6
(turn_port.cc:1690): Port[add8d3f0:0:1:0:relay:Net[enp4s0:192.168.137.x/24:Unknown:id=1]]: TURN permission requested successfully, id=5a6743543638744d717a6f52, code=0, rtt=16915 us
(turn_port.cc:1879): Port[add8d3f0:0:1:0:relay:Net[enp4s0:192.168.137.x/24:Unknown:id=1]]: Create permission for 112.93.247.x:9535 succeeded
(turn_port.cc:1893): Port[add8d3f0:0:1:0:relay:Net[enp4s0:192.168.137.x/24:Unknown:id=1]]: Scheduled create-permission-request in 240000ms.
(connection.cc:268): Conn[add9b520:0:Net[enp4s0:192.168.137.x/24:Unknown:id=1]:sbNO6OxN:1:0:host:tcp:192.168.137.x:54433->wnPqoIQG:1:1518280447:host:tcp:192.168.137.x:35043|C--W|-|0|0|6520964869057822206|-]: Connection created
(p2p_transport_channel.cc:1496): Channel[0|1|__: Created connection with origin: 2, total: 7
(turn_port.cc:1704): Port[add8d3f0:0:1:0:relay:Net[enp4s0:192.168.137.x/24:Unknown:id=1]]: Received TURN create permission error response, id=36465941374d57553468636e, code=403, rtt=16776 us
(connection.cc:922): Conn[add98730:0:Net[enp4s0:192.168.137.x/24:Unknown:id=1]:Pzgjgymd:1:0:relay:udp:120.79.210.x:50957->sQTUbY1D:1:58662911:relay:udp:120.79.210.x:62177|C--F|-|0|0|251955284350484478|-]: Connection pruned
(turn_port.cc:1907): Received TURN CreatePermission error response, code=403; pruned connection.
(connection.cc:268): Conn[add9cdc0:0:Net[enp4s0:192.168.137.x/24:Unknown:id=1]:Pzgjgymd:1:0:relay:udp:120.79.210.x:50957->MH56VK7H:1:1686052607:srflx:udp:112.93.247.x:9536|C--W|-|0|0|251955287605263870|-]: Connection created
(turn_port.cc:1683): Port[add8d3f0:0:1:0:relay:Net[enp4s0:192.168.137.x/24:Unknown:id=1]]: TURN create permission request sent, id=772b4b76376133487575575a
(p2p_transport_channel.cc:1496): Channel[0|1|__: Created connection with origin: 2, total: 8
(connection.cc:268): Conn[add9dce0:0:Net[enp4s0:192.168.137.x/24:Unknown:id=1]:LvnpL3tA:1:0:host:udp:192.168.137.x:44528->MH56VK7H:1:1686052607:srflx:udp:112.93.247.x:9536|C--W|-|0|0|7241540810645061119|-]: Connection created
(p2p_transport_channel.cc:1496): Channel[0|1|__: Created connection with origin: 2, total: 9
(connection.cc:1658): Conn[add96be0:0:Net[enp4s0:192.168.137.x/24:Unknown:id=1]:LvnpL3tA:1:0:host:udp:192.168.137.x:44528->zO2GP6m8:1:1686052607:srflx:udp:112.93.247.x:9535|C--W|-|0|0|7241540810645061119|-]: Sent STUN BINDING request, id=615a5749332f4b3772723269, use_candidate=1, nomination=0
(main.cc:263): ICE exchange complete
(main.cc:337): Waiting for connection...
(p2p_transport_channel.cc:2165): Channel[0|1|__: Removed connection add98730 (8 remaining)
(connection.cc:1658): Conn[add9dce0:0:Net[enp4s0:192.168.137.x/24:Unknown:id=1]:LvnpL3tA:1:0:host:udp:192.168.137.x:44528->MH56VK7H:1:1686052607:srflx:udp:112.93.247.x:9536|C--W|-|0|0|7241540810645061119|-]: Sent STUN BINDING request, id=77724e6355735a7262596543, use_candidate=1, nomination=0
(turn_port.cc:1683): Port[add8d3f0:0:1:0:relay:Net[enp4s0:192.168.137.x/24:Unknown:id=1]]: TURN create permission request sent, id=772b4b76376133487575575a
(turn_port.cc:1690): Port[add8d3f0:0:1:0:relay:Net[enp4s0:192.168.137.x/24:Unknown:id=1]]: TURN permission requested successfully, id=772b4b76376133487575575a, code=0, rtt=766 us
(turn_port.cc:1879): Port[add8d3f0:0:1:0:relay:Net[enp4s0:192.168.137.x/24:Unknown:id=1]]: Create permission for 112.93.247.x:9536 succeeded
(turn_port.cc:1893): Port[add8d3f0:0:1:0:relay:Net[enp4s0:192.168.137.x/24:Unknown:id=1]]: Scheduled create-permission-request in 240000ms.
(physical_socket_server.cc:1020): Assuming benign blocking error : [0x0000006B] Transport endpoint is not connected
(port.cc:405): Received STUN BINDING request id=345749575644646665613674 from unknown address 192.168.137.x:44395
(connection.cc:268): Conn[adda04b0:0:Net[enp4s0:192.168.137.x/24:Unknown:id=1]:sbNO6OxN:1:0:host:tcp:192.168.137.x:54433->wRYSKuiV:1:1350508287:prflx:tcp:192.168.137.x:44395|C--W|-|0|0|5800388928678542847|-]: Connection created
(p2p_transport_channel.cc:1115): Adding connection from peer reflexive candidate: Cand[:198640370:1:tcp:1350508287:192.168.137.x:44395:prflx::0:zsoB:RF+PDUSuqe/ZPfUU7yq1jO6U:1:50:0]
(connection.cc:888): Conn[adda04b0:0:Net[enp4s0:192.168.137.x/24:Unknown:id=1]:sbNO6OxN:1:0:host:tcp:192.168.137.x:54433->wRYSKuiV:1:1350508287:prflx:tcp:192.168.137.x:44395|CR-W|-|0|0|5800388928678542847|-]: Sent STUN BINDING response, to=192.168.137.x:44395, id=345749575644646665613674
(connection.cc:567): Conn[adda04b0:0:Net[enp4s0:192.168.137.x/24:Unknown:id=1]:sbNO6OxN:1:0:host:tcp:192.168.137.x:54433->wRYSKuiV:1:1350508287:prflx:tcp:192.168.137.x:44395|CR-W|-|0|0|5800388928678542847|-]: Received STUN BINDING request, id=684a4652315334556a785632
(connection.cc:888): Conn[adda04b0:0:Net[enp4s0:192.168.137.x/24:Unknown:id=1]:sbNO6OxN:1:0:host:tcp:192.168.137.x:54433->wRYSKuiV:1:1350508287:prflx:tcp:192.168.137.x:44395|CR-W|-|0|0|5800388928678542847|-]: Sent STUN BINDING response, to=192.168.137.x:44395, id=684a4652315334556a785632
(connection.cc:567): Conn[adda04b0:0:Net[enp4s0:192.168.137.x/24:Unknown:id=1]:sbNO6OxN:1:0:host:tcp:192.168.137.x:54433->wRYSKuiV:1:1350508287:prflx:tcp:192.168.137.x:44395|CR-W|-|0|0|5800388928678542847|-]: Received STUN BINDING request, id=442f5635452b323435437637
(connection.cc:888): Conn[adda04b0:0:Net[enp4s0:192.168.137.x/24:Unknown:id=1]:sbNO6OxN:1:0:host:tcp:192.168.137.x:54433->wRYSKuiV:1:1350508287:prflx:tcp:192.168.137.x:44395|CR-W|-|0|0|5800388928678542847|-]: Sent STUN BINDING response, to=192.168.137.x:44395, id=442f5635452b323435437637
(connection.cc:567): Conn[adda04b0:0:Net[enp4s0:192.168.137.x/24:Unknown:id=1]:sbNO6OxN:1:0:host:tcp:192.168.137.x:54433->wRYSKuiV:1:1350508287:prflx:tcp:192.168.137.x:44395|CR-W|-|0|0|5800388928678542847|-]: Received STUN BINDING request, id=673731704968636c7a6d4656
(connection.cc:888): Conn[adda04b0:0:Net[enp4s0:192.168.137.x/24:Unknown:id=1]:sbNO6OxN:1:0:host:tcp:192.168.137.x:54433->wRYSKuiV:1:1350508287:prflx:tcp:192.168.137.x:44395|CR-W|-|0|0|5800388928678542847|-]: Sent STUN BINDING response, to=192.168.137.x:44395, id=673731704968636c7a6d4656
(connection.cc:567): Conn[adda04b0:0:Net[enp4s0:192.168.137.x/24:Unknown:id=1]:sbNO6OxN:1:0:host:tcp:192.168.137.x:54433->wRYSKuiV:1:1350508287:prflx:tcp:192.168.137.x:44395|CR-W|-|0|0|5800388928678542847|-]: Received STUN BINDING request, id=643545414b4e77686c576b65
(connection.cc:888): Conn[adda04b0:0:Net[enp4s0:192.168.137.x/24:Unknown:id=1]:sbNO6OxN:1:0:host:tcp:192.168.137.x:54433->wRYSKuiV:1:1350508287:prflx:tcp:192.168.137.x:44395|CR-W|-|0|0|5800388928678542847|-]: Sent STUN BINDING response, to=192.168.137.x:44395, id=643545414b4e77686c576b65
(connection.cc:567): Conn[adda04b0:0:Net[enp4s0:192.168.137.x/24:Unknown:id=1]:sbNO6OxN:1:0:host:tcp:192.168.137.x:54433->wRYSKuiV:1:1350508287:prflx:tcp:192.168.137.x:44395|CR-W|-|0|0|5800388928678542847|-]: Received STUN BINDING request, id=557a6a2f6253584a33525a53
(connection.cc:888): Conn[adda04b0:0:Net[enp4s0:192.168.137.x/24:Unknown:id=1]:sbNO6OxN:1:0:host:tcp:192.168.137.x:54433->wRYSKuiV:1:1350508287:prflx:tcp:192.168.137.x:44395|CR-W|-|0|0|5800388928678542847|-]: Sent STUN BINDING response, to=192.168.137.x:44395, id=557a6a2f6253584a33525a53
(connection.cc:567): Conn[adda04b0:0:Net[enp4s0:192.168.137.x/24:Unknown:id=1]:sbNO6OxN:1:0:host:tcp:192.168.137.x:54433->wRYSKuiV:1:1350508287:prflx:tcp:192.168.137.x:44395|CR-W|-|0|0|5800388928678542847|-]: Received STUN BINDING request, id=7645396550425a395a4c6676
(connection.cc:888): Conn[adda04b0:0:Net[enp4s0:192.168.137.x/24:Unknown:id=1]:sbNO6OxN:1:0:host:tcp:192.168.137.x:54433->wRYSKuiV:1:1350508287:prflx:tcp:192.168.137.x:44395|CR-W|-|0|0|5800388928678542847|-]: Sent STUN BINDING response, to=192.168.137.x:44395, id=7645396550425a395a4c6676
(connection.cc:567): Conn[adda04b0:0:Net[enp4s0:192.168.137.x/24:Unknown:id=1]:sbNO6OxN:1:0:host:tcp:192.168.137.x:54433->wRYSKuiV:1:1350508287:prflx:tcp:192.168.137.x:44395|CR-W|-|0|0|5800388928678542847|-]: Received STUN BINDING request, id=6e4f524a6336524631757a61
(connection.cc:888): Conn[adda04b0:0:Net[enp4s0:192.168.137.x/24:Unknown:id=1]:sbNO6OxN:1:0:host:tcp:192.168.137.x:54433->wRYSKuiV:1:1350508287:prflx:tcp:192.168.137.x:44395|CR-W|-|0|0|5800388928678542847|-]: Sent STUN BINDING response, to=192.168.137.x:44395, id=6e4f524a6336524631757a61
(connection.cc:567): Conn[add940b0:0:Net[enp4s0:192.168.137.x/24:Unknown:id=1]:LvnpL3tA:1:0:host:udp:192.168.137.x:44528->LxDLtnE5:1:2122260223:host:udp:192.168.137.x:60476|C--I|-|0|0|9115038255631187454|-]: Received STUN BINDING request, id=6c2f5737456d307164716630
(connection.cc:888): Conn[add940b0:0:Net[enp4s0:192.168.137.x/24:Unknown:id=1]:LvnpL3tA:1:0:host:udp:192.168.137.x:44528->LxDLtnE5:1:2122260223:host:udp:192.168.137.x:60476|CR-I|-|0|0|9115038255631187454|-]: Sent STUN BINDING response, to=192.168.137.x:60476, id=6c2f5737456d307164716630
(dtls_transport.cc:907): DtlsTransport[0|1|__]: Packet received before DTLS started.
(dtls_transport.cc:916): DtlsTransport[0|1|__]: Caching DTLS ClientHello packet until DTLS is started.
(connection.cc:1534): Conn[add940b0:0:Net[enp4s0:192.168.137.x/24:Unknown:id=1]:LvnpL3tA:1:0:host:udp:192.168.137.x:44528->LxDLtnE5:1:2122260223:host:udp:192.168.137.x:60476|CR-I|-|0|0|9115038255631187454|-]: Received STUN BINDING response, id=52494642466f55686a765155, code=0, rtt=10093253 us, pings_since_last_response=52494642466f55686a765155 
(wrapping_active_ice_controller.cc:189): Switching selected connection due to: candidate pair state changed
(p2p_transport_channel.cc:1866): Channel[0|1|R_: New selected connection: Conn[add940b0:0:Net[enp4s0:192.168.137.x/24:Unknown:id=1]:LvnpL3tA:1:0:host:udp:192.168.137.x:44528->LxDLtnE5:1:2122260223:host:udp:192.168.137.x:60476|CRWS|S|0|0|9115038255631187454|-]
(connection.cc:922): Conn[adda04b0:0:Net[enp4s0:192.168.137.x/24:Unknown:id=1]:sbNO6OxN:1:0:host:tcp:192.168.137.x:54433->wRYSKuiV:1:1350508287:prflx:tcp:192.168.137.x:44395|CR-W|-|0|0|5800388928678542847|-]: Connection pruned
(connection.cc:922): Conn[add96be0:0:Net[enp4s0:192.168.137.x/24:Unknown:id=1]:LvnpL3tA:1:0:host:udp:192.168.137.x:44528->zO2GP6m8:1:1686052607:srflx:udp:112.93.247.x:9535|C--I|-|0|0|7241540810645061119|-]: Connection pruned
(connection.cc:922): Conn[add9dce0:0:Net[enp4s0:192.168.137.x/24:Unknown:id=1]:LvnpL3tA:1:0:host:udp:192.168.137.x:44528->MH56VK7H:1:1686052607:srflx:udp:112.93.247.x:9536|C--I|-|0|0|7241540810645061119|-]: Connection pruned
(connection.cc:922): Conn[add9b520:0:Net[enp4s0:192.168.137.x/24:Unknown:id=1]:sbNO6OxN:1:0:host:tcp:192.168.137.x:54433->wnPqoIQG:1:1518280447:host:tcp:192.168.137.x:35043|C--W|-|0|0|6520964869057822206|-]: Connection pruned
(connection.cc:922): Conn[add99770:0:Net[enp4s0:192.168.137.x/24:Unknown:id=1]:LvnpL3tA:1:0:host:udp:192.168.137.x:44528->sQTUbY1D:1:58662911:relay:udp:120.79.210.x:62177|C--W|-|0|0|251955288477679103|-]: Connection pruned
(connection.cc:922): Conn[add93490:0:Net[enp4s0:192.168.137.x/24:Unknown:id=1]:Pzgjgymd:1:0:relay:udp:120.79.210.x:50957->LxDLtnE5:1:2122260223:host:udp:192.168.137.x:60476|C--W|-|0|0|251955288477679102|-]: Connection pruned
(connection.cc:922): Conn[add95c50:0:Net[enp4s0:192.168.137.x/24:Unknown:id=1]:Pzgjgymd:1:0:relay:udp:120.79.210.x:50957->zO2GP6m8:1:1686052607:srflx:udp:112.93.247.x:9535|C--W|-|0|0|251955287605263870|-]: Connection pruned
(connection.cc:922): Conn[add9cdc0:0:Net[enp4s0:192.168.137.x/24:Unknown:id=1]:Pzgjgymd:1:0:relay:udp:120.79.210.x:50957->MH56VK7H:1:1686052607:srflx:udp:112.93.247.x:9536|C--W|-|0|0|251955287605263870|-]: Connection pruned
(dtls_transport.cc:818): DtlsTransport[0|1|__]: ice_transport writable state changed to 1 dtls_state: kNew
(dtls_transport.cc:1221): DtlsTransport[0|1|__]: configuring DTLS handshake timeout 3000ms based on ICE RTT 10093
(dtls_transport.cc:1071): DtlsTransport[0|1|__]: DtlsTransportInternalImpl: Start DTLS handshake active=1 role=server
(openssl_stream_adapter.cc:926): BeginSSL with peer.
(openssl_adapter.cc:810): TLS server start_accept
(openssl_adapter.cc:810): TLS server read_client_hello
(openssl_adapter.cc:810): TLS server read_client_hello
(openssl_stream_adapter.cc:1010):  -- error when we want to read
(srtp_transport.cc:241): The params in SRTP transport are reset.
(dtls_transport.cc:1094): DtlsTransport[0|1|__]: Handling #1 cached DTLS ClientHello packet(s).
(openssl_adapter.cc:810): TLS server read_client_hello_after_ech
(openssl_adapter.cc:810): TLS server cert_callback
(openssl_adapter.cc:810): TLS 1.3 server select_parameters
(openssl_adapter.cc:810): TLS 1.3 server select_session
(openssl_adapter.cc:810): TLS 1.3 server send_server_hello
(openssl_adapter.cc:810): TLS 1.3 server send_server_certificate_verify
(openssl_adapter.cc:810): TLS 1.3 server send_server_finished
(openssl_adapter.cc:810): TLS 1.3 server send_half_rtt_ticket
(openssl_adapter.cc:810): TLS 1.3 server read_second_client_flight
(openssl_adapter.cc:810): TLS 1.3 server process_end_of_early_data
(openssl_adapter.cc:810): TLS 1.3 server read_client_encrypted_extensions
(openssl_adapter.cc:810): TLS 1.3 server read_client_certificate
(openssl_adapter.cc:810): TLS 1.3 server read_client_certificate
(openssl_stream_adapter.cc:1010):  -- error when we want to read
(p2p_transport_channel.cc:1951): Channel[0|1|RW: Transport channel state changed from 1 to 2
(jsep_transport_controller.cc:1361): 0 Transport 1 state changed. Check if state is complete.
(p2p_transport_channel.cc:2165): Channel[0|1|RW: Removed connection add93490 (8 remaining)
(p2p_transport_channel.cc:2165): Channel[0|1|RW: Removed connection add95c50 (7 remaining)
(p2p_transport_channel.cc:2165): Channel[0|1|RW: Removed connection add96be0 (6 remaining)
(p2p_transport_channel.cc:2165): Channel[0|1|RW: Removed connection add99770 (5 remaining)
(p2p_transport_channel.cc:2165): Channel[0|1|RW: Removed connection add9b520 (4 remaining)
(p2p_transport_channel.cc:2165): Channel[0|1|RW: Removed connection add9cdc0 (3 remaining)
(p2p_transport_channel.cc:2165): Channel[0|1|RW: Removed connection add9dce0 (2 remaining)
(peer_connection.cc:2048): Changing standardized IceConnectionState checking => connected
(port.cc:405): Received STUN BINDING request id=786d3074686757734e7a6736 from unknown address 112.93.247.x:9588
(connection.cc:268): Conn[add9cdc0:0:Net[enp4s0:192.168.137.x/24:Unknown:id=1]:Pzgjgymd:1:0:relay:udp:120.79.210.x:50957->IXJTCMTI:1:1853824767:prflx:udp:112.93.247.x:9588|C--W|-|0|0|251955287940808190|-]: Connection created
(turn_port.cc:1683): Port[add8d3f0:0:1:0:relay:Net[enp4s0:192.168.137.x/24:Unknown:id=1]]: TURN create permission request sent, id=6b71616d3939575a5132454f
(p2p_transport_channel.cc:1115): Adding connection from peer reflexive candidate: Cand[:11430234:1:udp:1853824767:112.93.247.x:9588:prflx::0:zsoB:RF+PDUSuqe/ZPfUU7yq1jO6U:1:50:0]
(connection.cc:888): Conn[add9cdc0:0:Net[enp4s0:192.168.137.x/24:Unknown:id=1]:Pzgjgymd:1:0:relay:udp:120.79.210.x:50957->IXJTCMTI:1:1853824767:prflx:udp:112.93.247.x:9588|CR-W|-|0|0|251955287940808190|-]: Sent STUN BINDING response, to=112.93.247.x:9588, id=786d3074686757734e7a6736
(connection.cc:922): Conn[add9cdc0:0:Net[enp4s0:192.168.137.x/24:Unknown:id=1]:Pzgjgymd:1:0:relay:udp:120.79.210.x:50957->IXJTCMTI:1:1853824767:prflx:udp:112.93.247.x:9588|CR-W|-|0|0|251955287940808190|-]: Connection pruned
(connection.cc:567): Conn[add9cdc0:0:Net[enp4s0:192.168.137.x/24:Unknown:id=1]:Pzgjgymd:1:0:relay:udp:120.79.210.x:50957->IXJTCMTI:1:1853824767:prflx:udp:112.93.247.x:9588|CRxW|-|0|0|251955287940808190|-]: Received STUN BINDING request, id=654944434237724667395930
(connection.cc:888): Conn[add9cdc0:0:Net[enp4s0:192.168.137.x/24:Unknown:id=1]:Pzgjgymd:1:0:relay:udp:120.79.210.x:50957->IXJTCMTI:1:1853824767:prflx:udp:112.93.247.x:9588|CRxW|-|0|0|251955287940808190|-]: Sent STUN BINDING response, to=112.93.247.x:9588, id=654944434237724667395930
(connection.cc:567): Conn[add9cdc0:0:Net[enp4s0:192.168.137.x/24:Unknown:id=1]:Pzgjgymd:1:0:relay:udp:120.79.210.x:50957->IXJTCMTI:1:1853824767:prflx:udp:112.93.247.x:9588|CRxW|-|0|0|251955287940808190|-]: Received STUN BINDING request, id=736546626743323939544342
(connection.cc:888): Conn[add9cdc0:0:Net[enp4s0:192.168.137.x/24:Unknown:id=1]:Pzgjgymd:1:0:relay:udp:120.79.210.x:50957->IXJTCMTI:1:1853824767:prflx:udp:112.93.247.x:9588|CRxW|-|0|0|251955287940808190|-]: Sent STUN BINDING response, to=112.93.247.x:9588, id=736546626743323939544342
(connection.cc:567): Conn[add9cdc0:0:Net[enp4s0:192.168.137.x/24:Unknown:id=1]:Pzgjgymd:1:0:relay:udp:120.79.210.x:50957->IXJTCMTI:1:1853824767:prflx:udp:112.93.247.x:9588|CRxW|-|0|0|251955287940808190|-]: Received STUN BINDING request, id=654b4c734e4573422f2f385a
(connection.cc:888): Conn[add9cdc0:0:Net[enp4s0:192.168.137.x/24:Unknown:id=1]:Pzgjgymd:1:0:relay:udp:120.79.210.x:50957->IXJTCMTI:1:1853824767:prflx:udp:112.93.247.x:9588|CRxW|-|0|0|251955287940808190|-]: Sent STUN BINDING response, to=112.93.247.x:9588, id=654b4c734e4573422f2f385a
(connection.cc:567): Conn[add9cdc0:0:Net[enp4s0:192.168.137.x/24:Unknown:id=1]:Pzgjgymd:1:0:relay:udp:120.79.210.x:50957->IXJTCMTI:1:1853824767:prflx:udp:112.93.247.x:9588|CRxW|-|0|0|251955287940808190|-]: Received STUN BINDING request, id=734330756c30745374347873
(connection.cc:888): Conn[add9cdc0:0:Net[enp4s0:192.168.137.x/24:Unknown:id=1]:Pzgjgymd:1:0:relay:udp:120.79.210.x:50957->IXJTCMTI:1:1853824767:prflx:udp:112.93.247.x:9588|CRxW|-|0|0|251955287940808190|-]: Sent STUN BINDING response, to=112.93.247.x:9588, id=734330756c30745374347873
(connection.cc:567): Conn[add9cdc0:0:Net[enp4s0:192.168.137.x/24:Unknown:id=1]:Pzgjgymd:1:0:relay:udp:120.79.210.x:50957->IXJTCMTI:1:1853824767:prflx:udp:112.93.247.x:9588|CRxW|-|0|0|251955287940808190|-]: Received STUN BINDING request, id=7a5730745a67337849547666
(connection.cc:888): Conn[add9cdc0:0:Net[enp4s0:192.168.137.x/24:Unknown:id=1]:Pzgjgymd:1:0:relay:udp:120.79.210.x:50957->IXJTCMTI:1:1853824767:prflx:udp:112.93.247.x:9588|CRxW|-|0|0|251955287940808190|-]: Sent STUN BINDING response, to=112.93.247.x:9588, id=7a5730745a67337849547666
(connection.cc:567): Conn[add9cdc0:0:Net[enp4s0:192.168.137.x/24:Unknown:id=1]:Pzgjgymd:1:0:relay:udp:120.79.210.x:50957->IXJTCMTI:1:1853824767:prflx:udp:112.93.247.x:9588|CRxW|-|0|0|251955287940808190|-]: Received STUN BINDING request, id=47534e334472383172694a30
(connection.cc:888): Conn[add9cdc0:0:Net[enp4s0:192.168.137.x/24:Unknown:id=1]:Pzgjgymd:1:0:relay:udp:120.79.210.x:50957->IXJTCMTI:1:1853824767:prflx:udp:112.93.247.x:9588|CRxW|-|0|0|251955287940808190|-]: Sent STUN BINDING response, to=112.93.247.x:9588, id=47534e334472383172694a30
(openssl_adapter.cc:810): TLS 1.3 server read_client_certificate_verify
(openssl_stream_adapter.cc:1217): Accepted peer certificate.
(openssl_adapter.cc:810): TLS 1.3 server read_channel_id
(openssl_adapter.cc:810): TLS 1.3 server read_client_finished
(openssl_adapter.cc:810): TLS 1.3 server send_new_session_ticket
(openssl_adapter.cc:810): TLS 1.3 server done
(openssl_adapter.cc:810): TLS server finish_server_handshake
(openssl_adapter.cc:810): TLS server done
(openssl_adapter.cc:810): TLS server done
(openssl_adapter.cc:810): TLS server done
(openssl_stream_adapter.cc:991):  -- success
(dtls_transport.cc:997): DtlsTransport[0|1|__]: DTLS handshake complete.
(jsep_transport_controller.cc:1299):  Transport 0 writability changed to 1.
(dtls_srtp_transport.cc:253): Extracting keys from transport: 0
(srtp_transport.cc:186): SRTP activated with negotiated parameters: send crypto_suite 1 recv crypto_suite 1
(dcsctp_socket.cc:324): DcSctpTransport0: [CLOSED] Connecting. my_verification_tag=0430899f, my_initial_tsn=4104080620
(main.cc:147): PeerConnectionState: connected
(main.cc:150): >>> CONNECTION ESTABLISHED <<<
(peer_connection.cc:2605): Changing to ICE completed state because all transports are complete.
(peer_connection.cc:2026): Changing IceConnectionState checking => connected
(peer_connection.cc:2026): Changing IceConnectionState connected => completed
(peer_connection.cc:2048): Changing standardized IceConnectionState connected => completed
(dcsctp_transport.cc:577): DcSctpTransport0->OnConnected().
(dcsctp_transport.cc:265): DcSctpTransport0->OpenStream(1, 256).
(data_channel_controller.cc:500): AllocateSctpSids: Id assigned, ready to send.
(main.cc:96): DataChannel state: open
(sctp_data_channel.cc:726): DataChannel received OPEN_ACK message, sid = 1
(turn_port.cc:1690): Port[add8d3f0:0:1:0:relay:Net[enp4s0:192.168.137.x/24:Unknown:id=1]]: TURN permission requested successfully, id=6b71616d3939575a5132454f, code=0, rtt=16205 us
(turn_port.cc:1879): Port[add8d3f0:0:1:0:relay:Net[enp4s0:192.168.137.x/24:Unknown:id=1]]: Create permission for 112.93.247.x:9588 succeeded
(turn_port.cc:1893): Port[add8d3f0:0:1:0:relay:Net[enp4s0:192.168.137.x/24:Unknown:id=1]]: Scheduled create-permission-request in 240000ms.
(main.cc:344): DataChannel OPEN!
(main.cc:433): Shutting down...
(main.cc:96): DataChannel state: closing
(dcsctp_transport.cc:282): DcSctpTransport0->ResetStream(1).
(main.cc:147): PeerConnectionState: closed
(sdp_offer_answer.cc:3339): Session: 487136786792922063 Old state: stable New state: closed
(main.cc:114): SignalingState: closed
(peer_connection.cc:2750): Tearing down data channel transport for mid=0
Segmentation fault         (core dumped) ./learning

